Archive member included because of file (symbol)

c:/altera/11.1/nios2eds/bin/gnu/h-i686-mingw32/bin/../lib/gcc/nios2-elf/4.1.2\libgcc.a(lib2-divmod.o)
                              obj/default/lab5_2.o (__divsi3)
c:/altera/11.1/nios2eds/bin/gnu/h-i686-mingw32/bin/../lib/gcc/nios2-elf/4.1.2/../../../../nios2-elf/lib\libc.a(lib_a-calloc.o)
                              obj/default/lab5_2.o (calloc)
c:/altera/11.1/nios2eds/bin/gnu/h-i686-mingw32/bin/../lib/gcc/nios2-elf/4.1.2/../../../../nios2-elf/lib\libc.a(lib_a-callocr.o)
                              c:/altera/11.1/nios2eds/bin/gnu/h-i686-mingw32/bin/../lib/gcc/nios2-elf/4.1.2/../../../../nios2-elf/lib\libc.a(lib_a-calloc.o) (_calloc_r)
c:/altera/11.1/nios2eds/bin/gnu/h-i686-mingw32/bin/../lib/gcc/nios2-elf/4.1.2/../../../../nios2-elf/lib\libc.a(lib_a-impure.o)
                              c:/altera/11.1/nios2eds/bin/gnu/h-i686-mingw32/bin/../lib/gcc/nios2-elf/4.1.2/../../../../nios2-elf/lib\libc.a(lib_a-calloc.o) (_impure_ptr)
c:/altera/11.1/nios2eds/bin/gnu/h-i686-mingw32/bin/../lib/gcc/nios2-elf/4.1.2/../../../../nios2-elf/lib\libc.a(lib_a-mallocr.o)
                              c:/altera/11.1/nios2eds/bin/gnu/h-i686-mingw32/bin/../lib/gcc/nios2-elf/4.1.2/../../../../nios2-elf/lib\libc.a(lib_a-callocr.o) (_malloc_r)
c:/altera/11.1/nios2eds/bin/gnu/h-i686-mingw32/bin/../lib/gcc/nios2-elf/4.1.2/../../../../nios2-elf/lib\libc.a(lib_a-memset.o)
                              c:/altera/11.1/nios2eds/bin/gnu/h-i686-mingw32/bin/../lib/gcc/nios2-elf/4.1.2/../../../../nios2-elf/lib\libc.a(lib_a-callocr.o) (memset)
c:/altera/11.1/nios2eds/bin/gnu/h-i686-mingw32/bin/../lib/gcc/nios2-elf/4.1.2/../../../../nios2-elf/lib\libc.a(lib_a-sbrkr.o)
                              c:/altera/11.1/nios2eds/bin/gnu/h-i686-mingw32/bin/../lib/gcc/nios2-elf/4.1.2/../../../../nios2-elf/lib\libc.a(lib_a-mallocr.o) (_sbrk_r)
c:/altera/11.1/nios2eds/bin/gnu/h-i686-mingw32/bin/../lib/gcc/nios2-elf/4.1.2/../../../../nios2-elf/lib\libc.a(lib_a-freer.o)
                              c:/altera/11.1/nios2eds/bin/gnu/h-i686-mingw32/bin/../lib/gcc/nios2-elf/4.1.2/../../../../nios2-elf/lib\libc.a(lib_a-mallocr.o) (_free_r)
c:/altera/11.1/nios2eds/bin/gnu/h-i686-mingw32/bin/../lib/gcc/nios2-elf/4.1.2/../../../../nios2-elf/lib\libc.a(lib_a-int_errno.o)
                              c:/altera/11.1/nios2eds/bin/gnu/h-i686-mingw32/bin/../lib/gcc/nios2-elf/4.1.2/../../../../nios2-elf/lib\libc.a(lib_a-sbrkr.o) (errno)
Z:/workspace/lab5_2_bsp/\libhal_bsp.a(alt_load.o)
                              Z:/workspace/lab5_2_bsp//obj/HAL/src/crt0.o (alt_load)
Z:/workspace/lab5_2_bsp/\libhal_bsp.a(alt_main.o)
                              Z:/workspace/lab5_2_bsp//obj/HAL/src/crt0.o (alt_main)
Z:/workspace/lab5_2_bsp/\libhal_bsp.a(alt_malloc_lock.o)
                              c:/altera/11.1/nios2eds/bin/gnu/h-i686-mingw32/bin/../lib/gcc/nios2-elf/4.1.2/../../../../nios2-elf/lib\libc.a(lib_a-mallocr.o) (__malloc_lock)
Z:/workspace/lab5_2_bsp/\libhal_bsp.a(alt_sbrk.o)
                              c:/altera/11.1/nios2eds/bin/gnu/h-i686-mingw32/bin/../lib/gcc/nios2-elf/4.1.2/../../../../nios2-elf/lib\libc.a(lib_a-sbrkr.o) (sbrk)
Z:/workspace/lab5_2_bsp/\libhal_bsp.a(alt_usleep.o)
                              obj/default/lab5_2.o (usleep)
Z:/workspace/lab5_2_bsp/\libhal_bsp.a(alt_sys_init.o)
                              Z:/workspace/lab5_2_bsp/\libhal_bsp.a(alt_main.o) (alt_irq_init)
Z:/workspace/lab5_2_bsp/\libhal_bsp.a(altera_avalon_jtag_uart_fd.o)
                              Z:/workspace/lab5_2_bsp/\libhal_bsp.a(alt_sys_init.o) (altera_avalon_jtag_uart_read_fd)
Z:/workspace/lab5_2_bsp/\libhal_bsp.a(altera_avalon_jtag_uart_init.o)
                              Z:/workspace/lab5_2_bsp/\libhal_bsp.a(alt_sys_init.o) (altera_avalon_jtag_uart_init)
Z:/workspace/lab5_2_bsp/\libhal_bsp.a(altera_avalon_jtag_uart_ioctl.o)
                              Z:/workspace/lab5_2_bsp/\libhal_bsp.a(altera_avalon_jtag_uart_fd.o) (altera_avalon_jtag_uart_ioctl)
Z:/workspace/lab5_2_bsp/\libhal_bsp.a(altera_avalon_jtag_uart_read.o)
                              Z:/workspace/lab5_2_bsp/\libhal_bsp.a(altera_avalon_jtag_uart_fd.o) (altera_avalon_jtag_uart_read)
Z:/workspace/lab5_2_bsp/\libhal_bsp.a(altera_avalon_jtag_uart_write.o)
                              Z:/workspace/lab5_2_bsp/\libhal_bsp.a(altera_avalon_jtag_uart_fd.o) (altera_avalon_jtag_uart_write)
Z:/workspace/lab5_2_bsp/\libhal_bsp.a(altera_avalon_timer_sc.o)
                              Z:/workspace/lab5_2_bsp/\libhal_bsp.a(alt_sys_init.o) (alt_avalon_timer_sc_init)
Z:/workspace/lab5_2_bsp/\libhal_bsp.a(alt_alarm_start.o)
                              Z:/workspace/lab5_2_bsp/\libhal_bsp.a(altera_avalon_jtag_uart_init.o) (alt_alarm_start)
Z:/workspace/lab5_2_bsp/\libhal_bsp.a(alt_busy_sleep.o)
                              Z:/workspace/lab5_2_bsp/\libhal_bsp.a(alt_usleep.o) (alt_busy_sleep)
[...]
Memory Configuration

Name             Origin             Length             Attributes
reset            0x00000000         0x00000020
sdram            0x00000020         0x007fffe0
SRAM             0x08000000         0x00080000
Onchip_memory    0x09000000         0x00002000
*default*        0x00000000         0xffffffff

Linker script and memory map

LOAD Z:/workspace/lab5_2_bsp//obj/HAL/src/crt0.o
LOAD obj/default/lab5_2.o
LOAD c:/altera/11.1/nios2eds/bin/gnu/h-i686-mingw32/bin/../lib/gcc/nios2-elf/4.1.2/../../../../nios2-elf/lib\libstdc++.a
LOAD c:/altera/11.1/nios2eds/bin/gnu/h-i686-mingw32/bin/../lib/gcc/nios2-elf/4.1.2/../../../../nios2-elf/lib\libm.a
LOAD c:/altera/11.1/nios2eds/bin/gnu/h-i686-mingw32/bin/../lib/gcc/nios2-elf/4.1.2\libgcc.a
START GROUP
LOAD c:/altera/11.1/nios2eds/bin/gnu/h-i686-mingw32/bin/../lib/gcc/nios2-elf/4.1.2/../../../../nios2-elf/lib\libc.a
LOAD c:/altera/11.1/nios2eds/bin/gnu/h-i686-mingw32/bin/../lib/gcc/nios2-elf/4.1.2\libgcc.a
LOAD Z:/workspace/lab5_2_bsp/\libhal_bsp.a
END GROUP
LOAD c:/altera/11.1/nios2eds/bin/gnu/h-i686-mingw32/bin/../lib/gcc/nios2-elf/4.1.2\libgcc.a
                0x00000000                __alt_mem_sdram = 0x0
                0x08000000                __alt_mem_SRAM = 0x8000000
                0x09000000                __alt_mem_Onchip_memory = 0x9000000

.entry          0x00000000       0x20
 *(.entry)
 .entry         0x00000000       0x20 Z:/workspace/lab5_2_bsp//obj/HAL/src/crt0.o
                0x00000000                __reset

.exceptions     0x00000020      0x194
                0x00000020                PROVIDE (__ram_exceptions_start, ABSOLUTE (.))
                0x00000020                . = ALIGN (0x20)
 *(.irq)
 *(.exceptions.entry.label)
 .exceptions.entry.label
                0x00000020        0x0 Z:/workspace/lab5_2_bsp/\libhal_bsp.a(alt_irq_entry.o)
                0x00000020                alt_irq_entry
 .exceptions.entry.label
                0x00000020        0x0 Z:/workspace/lab5_2_bsp/\libhal_bsp.a(alt_exception_entry.o)
                0x00000020                alt_exception
 *(.exceptions.entry.user)
 *(.exceptions.entry)
 .exceptions.entry
                0x00000020       0x54 Z:/workspace/lab5_2_bsp/\libhal_bsp.a(alt_exception_entry.o)
 *(.exceptions.irqtest.user)
 *(.exceptions.irqtest)
 .exceptions.irqtest
                0x00000074       0x10 Z:/workspace/lab5_2_bsp/\libhal_bsp.a(alt_irq_entry.o)
 *(.exceptions.irqhandler.user)
 *(.exceptions.irqhandler)
 .exceptions.irqhandler
                0x00000084        0x4 Z:/workspace/lab5_2_bsp/\libhal_bsp.a(alt_irq_entry.o)
 *(.exceptions.irqreturn.user)
 *(.exceptions.irqreturn)
 .exceptions.irqreturn
                0x00000088        0x4 Z:/workspace/lab5_2_bsp/\libhal_bsp.a(alt_irq_entry.o)
 *(.exceptions.notirq.label)
 .exceptions.notirq.label
                0x0000008c        0x0 Z:/workspace/lab5_2_bsp/\libhal_bsp.a(alt_irq_entry.o)
 *(.exceptions.notirq.user)
 *(.exceptions.notirq)
 .exceptions.notirq
                0x0000008c        0x8 Z:/workspace/lab5_2_bsp/\libhal_bsp.a(alt_exception_entry.o)
 *(.exceptions.soft.user)
 *(.exceptions.soft)
 *(.exceptions.unknown.user)
 *(.exceptions.unknown)
 .exceptions.unknown
                0x00000094        0x4 Z:/workspace/lab5_2_bsp/\libhal_bsp.a(alt_exception_entry.o)
 *(.exceptions.exit.label)
 .exceptions.exit.label
                0x00000098        0x0 Z:/workspace/lab5_2_bsp/\libhal_bsp.a(alt_irq_entry.o)
 .exceptions.exit.label
                0x00000098        0x0 Z:/workspace/lab5_2_bsp/\libhal_bsp.a(alt_exception_entry.o)
 *(.exceptions.exit.user)
 *(.exceptions.exit)
 .exceptions.exit
                0x00000098       0x54 Z:/workspace/lab5_2_bsp/\libhal_bsp.a(alt_exception_entry.o)
 *(.exceptions)
 .exceptions    0x000000ec       0xc8 Z:/workspace/lab5_2_bsp/\libhal_bsp.a(alt_irq_handler.o)
                0x000000ec                alt_irq_handler
                0x000001b4                PROVIDE (__ram_exceptions_end, ABSOLUTE (.))
                0x00000020                PROVIDE (__flash_exceptions_start, LOADADDR (.exceptions))

.text           0x000001b4     0x39e8
                0x000001b4                PROVIDE (stext, ABSOLUTE (.))
 *(.interp)
 *(.hash)
 *(.dynsym)
 *(.dynstr)
 *(.gnu.version)
 *(.gnu.version_d)
 *(.gnu.version_r)
 *(.rel.init)
 *(.rela.init)
 *(.rel.text .rel.text.* .rel.gnu.linkonce.t.*)
 *(.rela.text .rela.text.* .rela.gnu.linkonce.t.*)
 *(.rel.fini)
 *(.rela.fini)
 *(.rel.rodata .rel.rodata.* .rel.gnu.linkonce.r.*)
 *(.rela.rodata .rela.rodata.* .rela.gnu.linkonce.r.*)
 *(.rel.data .rel.data.* .rel.gnu.linkonce.d.*)
 *(.rela.data .rela.data.* .rela.gnu.linkonce.d.*)
 *(.rel.tdata .rel.tdata.* .rel.gnu.linkonce.td.*)
 *(.rela.tdata .rela.tdata.* .rela.gnu.linkonce.td.*)
 *(.rel.tbss .rel.tbss.* .rel.gnu.linkonce.tb.*)
 *(.rela.tbss .rela.tbss.* .rela.gnu.linkonce.tb.*)
 *(.rel.ctors)
 *(.rela.ctors)
 *(.rel.dtors)
 *(.rela.dtors)
 *(.rel.got)
 *(.rela.got)
 *(.rel.sdata .rel.sdata.* .rel.gnu.linkonce.s.*)
 *(.rela.sdata .rela.sdata.* .rela.gnu.linkonce.s.*)
 *(.rel.sbss .rel.sbss.* .rel.gnu.linkonce.sb.*)
 *(.rela.sbss .rela.sbss.* .rela.gnu.linkonce.sb.*)
 *(.rel.sdata2 .rel.sdata2.* .rel.gnu.linkonce.s2.*)
 *(.rela.sdata2 .rela.sdata2.* .rela.gnu.linkonce.s2.*)
 *(.rel.sbss2 .rel.sbss2.* .rel.gnu.linkonce.sb2.*)
 *(.rela.sbss2 .rela.sbss2.* .rela.gnu.linkonce.sb2.*)
 *(.rel.bss .rel.bss.* .rel.gnu.linkonce.b.*)
 *(.rela.bss .rela.bss.* .rela.gnu.linkonce.b.*)
 *(.rel.plt)
 *(.rela.plt)
 *(.rel.dyn)
 *(.init)
 *(.plt)
 *(.text .stub .text.* .gnu.linkonce.t.*)
 .text          0x000001b4       0x3c Z:/workspace/lab5_2_bsp//obj/HAL/src/crt0.o
                0x000001b4                _start
 .text          0x000001f0      0x4b4 obj/default/lab5_2.o
                0x000001f0                main
                0x000004c0                HEX3to0_display
                0x000005c4                toDigit
 .text          0x000006a4      0x14c c:/altera/11.1/nios2eds/bin/gnu/h-i686-mingw32/bin/../lib/gcc/nios2-elf/4.1.2\libgcc.a(lib2-divmod.o)
                0x00000720                __divsi3
                0x00000780                __modsi3
                0x000007e0                __udivsi3
                0x000007e8                __umodsi3
 .text          0x000007f0       0x1c c:/altera/11.1/nios2eds/bin/gnu/h-i686-mingw32/bin/../lib/gcc/nios2-elf/4.1.2/../../../../nios2-elf/lib\libc.a(lib_a-calloc.o)
                0x000007f0                calloc
 .text          0x0000080c       0xb4 c:/altera/11.1/nios2eds/bin/gnu/h-i686-mingw32/bin/../lib/gcc/nios2-elf/4.1.2/../../../../nios2-elf/lib\libc.a(lib_a-callocr.o)
                0x0000080c                _calloc_r
 .text          0x000008c0        0x0 c:/altera/11.1/nios2eds/bin/gnu/h-i686-mingw32/bin/../lib/gcc/nios2-elf/4.1.2/../../../../nios2-elf/lib\libc.a(lib_a-impure.o)
 .text          0x000008c0      0x740 c:/altera/11.1/nios2eds/bin/gnu/h-i686-mingw32/bin/../lib/gcc/nios2-elf/4.1.2/../../../../nios2-elf/lib\libc.a(lib_a-mallocr.o)
                0x000008c0                _malloc_r
 .text          0x00001000       0x98 c:/altera/11.1/nios2eds/bin/gnu/h-i686-mingw32/bin/../lib/gcc/nios2-elf/4.1.2/../../../../nios2-elf/lib\libc.a(lib_a-memset.o)
                0x00001000                memset
 .text          0x00001098       0x70 c:/altera/11.1/nios2eds/bin/gnu/h-i686-mingw32/bin/../lib/gcc/nios2-elf/4.1.2/../../../../nios2-elf/lib\libc.a(lib_a-sbrkr.o)
                0x00001098                _sbrk_r
 .text          0x00001108      0x440 c:/altera/11.1/nios2eds/bin/gnu/h-i686-mingw32/bin/../lib/gcc/nios2-elf/4.1.2/../../../../nios2-elf/lib\libc.a(lib_a-freer.o)
                0x00001108                _malloc_trim_r
                0x00001234                _free_r
 .text          0x00001548        0x0 c:/altera/11.1/nios2eds/bin/gnu/h-i686-mingw32/bin/../lib/gcc/nios2-elf/4.1.2/../../../../nios2-elf/lib\libc.a(lib_a-int_errno.o)
 .text          0x00001548       0xec Z:/workspace/lab5_2_bsp/\libhal_bsp.a(alt_load.o)
                0x00001548                alt_load
 .text          0x00001634       0x6c Z:/workspace/lab5_2_bsp/\libhal_bsp.a(alt_main.o)
                0x00001634                alt_main
 .text          0x000016a0       0x40 Z:/workspace/lab5_2_bsp/\libhal_bsp.a(alt_malloc_lock.o)
                0x000016a0                __malloc_lock
                0x000016c0                __malloc_unlock
 .text          0x000016e0       0xbc Z:/workspace/lab5_2_bsp/\libhal_bsp.a(alt_sbrk.o)
                0x000016e0                sbrk
 .text          0x0000179c       0x30 Z:/workspace/lab5_2_bsp/\libhal_bsp.a(alt_usleep.o)
                0x0000179c                usleep
 .text          0x000017cc       0xc8 Z:/workspace/lab5_2_bsp/\libhal_bsp.a(alt_sys_init.o)
                0x000017cc                alt_irq_init
                0x00001800                alt_sys_init
 .text          0x00001894      0x148 Z:/workspace/lab5_2_bsp/\libhal_bsp.a(altera_avalon_jtag_uart_fd.o)
                0x00001894                altera_avalon_jtag_uart_read_fd
                0x000018ec                altera_avalon_jtag_uart_write_fd
                0x00001944                altera_avalon_jtag_uart_close_fd
                0x0000198c                altera_avalon_jtag_uart_ioctl_fd
 .text          0x000019dc      0x40c Z:/workspace/lab5_2_bsp/\libhal_bsp.a(altera_avalon_jtag_uart_init.o)
                0x000019dc                altera_avalon_jtag_uart_init
                0x00001d74                altera_avalon_jtag_uart_close
 .text          0x00001de8       0xf4 Z:/workspace/lab5_2_bsp/\libhal_bsp.a(altera_avalon_jtag_uart_ioctl.o)
                0x00001de8                altera_avalon_jtag_uart_ioctl
 .text          0x00001edc      0x224 Z:/workspace/lab5_2_bsp/\libhal_bsp.a(altera_avalon_jtag_uart_read.o)
                0x00001edc                altera_avalon_jtag_uart_read
 .text          0x00002100      0x240 Z:/workspace/lab5_2_bsp/\libhal_bsp.a(altera_avalon_jtag_uart_write.o)
                0x00002100                altera_avalon_jtag_uart_write
 .text          0x00002340      0x100 Z:/workspace/lab5_2_bsp/\libhal_bsp.a(altera_avalon_timer_sc.o)
                0x000023b0                alt_avalon_timer_sc_init
 .text          0x00002440      0x154 Z:/workspace/lab5_2_bsp/\libhal_bsp.a(alt_alarm_start.o)
                0x00002440                alt_alarm_start
 .text          0x00002594      0x14c Z:/workspace/lab5_2_bsp/\libhal_bsp.a(alt_busy_sleep.o)
                0x00002594                alt_busy_sleep
 .text          0x000026e0      0x15c Z:/workspace/lab5_2_bsp/\libhal_bsp.a(alt_close.o)
                0x000026e0                close
 .text          0x0000283c       0x1c Z:/workspace/lab5_2_bsp/\libhal_bsp.a(alt_dcache_flush_all.o)
                0x0000283c                alt_dcache_flush_all
 .text          0x00002858       0x2c Z:/workspace/lab5_2_bsp/\libhal_bsp.a(alt_dev.o)
 .text          0x00002884      0x114 Z:/workspace/lab5_2_bsp/\libhal_bsp.a(alt_dev_llist_insert.o)
                0x00002884                alt_dev_llist_insert
 .text          0x00002998       0x64 Z:/workspace/lab5_2_bsp/\libhal_bsp.a(alt_do_ctors.o)
                0x00002998                _do_ctors
 .text          0x000029fc       0x64 Z:/workspace/lab5_2_bsp/\libhal_bsp.a(alt_do_dtors.o)
                0x000029fc                _do_dtors
 .text          0x00002a60        0x0 Z:/workspace/lab5_2_bsp/\libhal_bsp.a(alt_errno.o)
 .text          0x00002a60       0x30 Z:/workspace/lab5_2_bsp/\libhal_bsp.a(alt_icache_flush_all.o)
                0x00002a60                alt_icache_flush_all
 .text          0x00002a90      0x1d4 Z:/workspace/lab5_2_bsp/\libhal_bsp.a(alt_iic.o)
                0x00002a90                alt_ic_isr_register
                0x00002ae0                alt_ic_irq_enable
                0x00002b7c                alt_ic_irq_disable
                0x00002c1c                alt_ic_irq_enabled
 .text          0x00002c64       0xf8 Z:/workspace/lab5_2_bsp/\libhal_bsp.a(alt_iic_isr_register.o)
                0x00002c64                alt_iic_isr_register
 .text          0x00002d5c      0x13c Z:/workspace/lab5_2_bsp/\libhal_bsp.a(alt_io_redirect.o)
                0x00002e20                alt_io_redirect
 .text          0x00002e98        0x0 Z:/workspace/lab5_2_bsp/\libhal_bsp.a(alt_irq_entry.o)
 .text          0x00002e98        0x0 Z:/workspace/lab5_2_bsp/\libhal_bsp.a(alt_irq_handler.o)
 .text          0x00002e98        0x0 Z:/workspace/lab5_2_bsp/\libhal_bsp.a(alt_irq_vars.o)
 .text          0x00002e98      0x2c4 Z:/workspace/lab5_2_bsp/\libhal_bsp.a(alt_open.o)
                0x00002f74                open
 .text          0x0000315c       0x60 Z:/workspace/lab5_2_bsp/\libhal_bsp.a(alt_release_fd.o)
                0x0000315c                alt_release_fd
 .text          0x000031bc      0x1a4 Z:/workspace/lab5_2_bsp/\libhal_bsp.a(alt_tick.o)
                0x000031bc                alt_alarm_stop
                0x00003254                alt_tick
 .text          0x00003360       0x20 Z:/workspace/lab5_2_bsp/\libhal_bsp.a(altera_nios2_irq.o)
                0x00003360                altera_nios2_irq_init
 .text          0x00003380        0x0 Z:/workspace/lab5_2_bsp/\libhal_bsp.a(alt_exception_entry.o)
 .text          0x00003380       0x94 Z:/workspace/lab5_2_bsp/\libhal_bsp.a(alt_find_dev.o)
                0x00003380                alt_find_dev
 .text          0x00003414      0x120 Z:/workspace/lab5_2_bsp/\libhal_bsp.a(alt_find_file.o)
                0x00003414                alt_find_file
 .text          0x00003534       0xb8 Z:/workspace/lab5_2_bsp/\libhal_bsp.a(alt_get_fd.o)
                0x00003534                alt_get_fd
 .text          0x000035ec       0x90 Z:/workspace/lab5_2_bsp/\libhal_bsp.a(alt_icache_flush.o)
                0x000035ec                alt_icache_flush
 .text          0x0000367c       0x14 c:/altera/11.1/nios2eds/bin/gnu/h-i686-mingw32/bin/../lib/gcc/nios2-elf/4.1.2/../../../../nios2-elf/lib\libc.a(lib_a-atexit.o)
                0x0000367c                atexit
 .text          0x00003690       0x38 c:/altera/11.1/nios2eds/bin/gnu/h-i686-mingw32/bin/../lib/gcc/nios2-elf/4.1.2/../../../../nios2-elf/lib\libc.a(lib_a-exit.o)
                0x00003690                exit
 .text          0x000036c8       0x74 c:/altera/11.1/nios2eds/bin/gnu/h-i686-mingw32/bin/../lib/gcc/nios2-elf/4.1.2/../../../../nios2-elf/lib\libc.a(lib_a-memcmp.o)
                0x000036c8                memcmp
 .text          0x0000373c       0xa0 c:/altera/11.1/nios2eds/bin/gnu/h-i686-mingw32/bin/../lib/gcc/nios2-elf/4.1.2/../../../../nios2-elf/lib\libc.a(lib_a-memcpy.o)
                0x0000373c                memcpy
 .text          0x000037dc       0x74 c:/altera/11.1/nios2eds/bin/gnu/h-i686-mingw32/bin/../lib/gcc/nios2-elf/4.1.2/../../../../nios2-elf/lib\libc.a(lib_a-strlen.o)
                0x000037dc                strlen
 .text          0x00003850      0x134 c:/altera/11.1/nios2eds/bin/gnu/h-i686-mingw32/bin/../lib/gcc/nios2-elf/4.1.2/../../../../nios2-elf/lib\libc.a(lib_a-__atexit.o)
                0x00003850                __register_exitproc
 .text          0x00003984      0x1b4 c:/altera/11.1/nios2eds/bin/gnu/h-i686-mingw32/bin/../lib/gcc/nios2-elf/4.1.2/../../../../nios2-elf/lib\libc.a(lib_a-__call_atexit.o)
                0x00003988                __call_exitprocs
 .text          0x00003b38       0x60 Z:/workspace/lab5_2_bsp/\libhal_bsp.a(alt_exit.o)
                0x00003b78                _exit
 *(.gnu.warning.*)
 *(.fini)
                0x00003b98                PROVIDE (__etext, ABSOLUTE (.))
                0x00003b98                PROVIDE (_etext, ABSOLUTE (.))
                0x00003b98                PROVIDE (etext, ABSOLUTE (.))
 *(.eh_frame_hdr)
                0x00003b98                . = ALIGN (0x4)
                0x00003b98                PROVIDE (__preinit_array_start, ABSOLUTE (.))
 *(.preinit_array)
                0x00003b98                PROVIDE (__preinit_array_end, ABSOLUTE (.))
                0x00003b98                PROVIDE (__init_array_start, ABSOLUTE (.))
 *(.init_array)
                0x00003b98                PROVIDE (__init_array_end, ABSOLUTE (.))
                0x00003b98                PROVIDE (__fini_array_start, ABSOLUTE (.))
 *(.fini_array)
                0x00003b98                PROVIDE (__fini_array_end, ABSOLUTE (.))
 *(.eh_frame)
 *(.gcc_except_table)
 *(.dynamic)
                0x00003b98                PROVIDE (__CTOR_LIST__, ABSOLUTE (.))
 *(.ctors)
 *(SORT(.ctors.*))
 .ctors.65535   0x00003b98        0x4 c:/altera/11.1/nios2eds/bin/gnu/h-i686-mingw32/bin/../lib/gcc/nios2-elf/4.1.2/../../../../nios2-elf/lib\libc.a(lib_a-__call_atexit.o)
                0x00003b9c                PROVIDE (__CTOR_END__, ABSOLUTE (.))
                0x00003b9c                PROVIDE (__DTOR_LIST__, ABSOLUTE (.))
 *(.dtors)
 *(SORT(.dtors.*))
                0x00003b9c                PROVIDE (__DTOR_END__, ABSOLUTE (.))
 *(.jcr)
                0x00003b9c                . = ALIGN (0x4)

.rodata         0x00003b9c       0x30
                0x00003b9c                PROVIDE (__ram_rodata_start, ABSOLUTE (.))
                0x00003b9c                . = ALIGN (0x4)
 *(.rodata .rodata.* .gnu.linkonce.r.*)
 .rodata.str1.4
                0x00003b9c        0x4 c:/altera/11.1/nios2eds/bin/gnu/h-i686-mingw32/bin/../lib/gcc/nios2-elf/4.1.2/../../../../nios2-elf/lib\libc.a(lib_a-impure.o)
 .rodata        0x00003ba0       0x10 Z:/workspace/lab5_2_bsp/\libhal_bsp.a(alt_main.o)
 .rodata        0x00003bb0       0x10 Z:/workspace/lab5_2_bsp/\libhal_bsp.a(alt_sys_init.o)
 .rodata        0x00003bc0        0xc Z:/workspace/lab5_2_bsp/\libhal_bsp.a(alt_dev.o)
 *(.rodata1)
                0x00003bcc                . = ALIGN (0x4)
                0x00003bcc                PROVIDE (__ram_rodata_end, ABSOLUTE (.))
                0x00003b9c                PROVIDE (__flash_rodata_start, LOADADDR (.rodata))

.rwdata         0x00003bcc     0x1a48 load address 0x00005614
                0x00003bcc                PROVIDE (__ram_rwdata_start, ABSOLUTE (.))
                0x00003bcc                . = ALIGN (0x4)
 *(.got.plt)
 *(.got)
 *(.data1)
 *(.data .data.* .gnu.linkonce.d.*)
 .data          0x00003bcc        0x0 Z:/workspace/lab5_2_bsp//obj/HAL/src/crt0.o
 .data          0x00003bcc        0x0 obj/default/lab5_2.o
 .data          0x00003bcc        0x0 c:/altera/11.1/nios2eds/bin/gnu/h-i686-mingw32/bin/../lib/gcc/nios2-elf/4.1.2\libgcc.a(lib2-divmod.o)
 .data          0x00003bcc        0x0 c:/altera/11.1/nios2eds/bin/gnu/h-i686-mingw32/bin/../lib/gcc/nios2-elf/4.1.2/../../../../nios2-elf/lib\libc.a(lib_a-calloc.o)
 .data          0x00003bcc        0x0 c:/altera/11.1/nios2eds/bin/gnu/h-i686-mingw32/bin/../lib/gcc/nios2-elf/4.1.2/../../../../nios2-elf/lib\libc.a(lib_a-callocr.o)
 .data          0x00003bcc      0x400 c:/altera/11.1/nios2eds/bin/gnu/h-i686-mingw32/bin/../lib/gcc/nios2-elf/4.1.2/../../../../nios2-elf/lib\libc.a(lib_a-impure.o)
 .data          0x00003fcc      0x408 c:/altera/11.1/nios2eds/bin/gnu/h-i686-mingw32/bin/../lib/gcc/nios2-elf/4.1.2/../../../../nios2-elf/lib\libc.a(lib_a-mallocr.o)
                0x00003fcc                __malloc_av_
 .data          0x000043d4        0x0 c:/altera/11.1/nios2eds/bin/gnu/h-i686-mingw32/bin/../lib/gcc/nios2-elf/4.1.2/../../../../nios2-elf/lib\libc.a(lib_a-memset.o)
 .data          0x000043d4        0x0 c:/altera/11.1/nios2eds/bin/gnu/h-i686-mingw32/bin/../lib/gcc/nios2-elf/4.1.2/../../../../nios2-elf/lib\libc.a(lib_a-sbrkr.o)
 .data          0x000043d4        0x0 c:/altera/11.1/nios2eds/bin/gnu/h-i686-mingw32/bin/../lib/gcc/nios2-elf/4.1.2/../../../../nios2-elf/lib\libc.a(lib_a-freer.o)
 .data          0x000043d4        0x0 c:/altera/11.1/nios2eds/bin/gnu/h-i686-mingw32/bin/../lib/gcc/nios2-elf/4.1.2/../../../../nios2-elf/lib\libc.a(lib_a-int_errno.o)
 .data          0x000043d4        0x0 Z:/workspace/lab5_2_bsp/\libhal_bsp.a(alt_load.o)
 .data          0x000043d4        0x0 Z:/workspace/lab5_2_bsp/\libhal_bsp.a(alt_main.o)
 .data          0x000043d4        0x0 Z:/workspace/lab5_2_bsp/\libhal_bsp.a(alt_malloc_lock.o)
 .data          0x000043d4        0x0 Z:/workspace/lab5_2_bsp/\libhal_bsp.a(alt_sbrk.o)
 .data          0x000043d4        0x0 Z:/workspace/lab5_2_bsp/\libhal_bsp.a(alt_usleep.o)
 .data          0x000043d4     0x1060 Z:/workspace/lab5_2_bsp/\libhal_bsp.a(alt_sys_init.o)
 .data          0x00005434        0x0 Z:/workspace/lab5_2_bsp/\libhal_bsp.a(altera_avalon_jtag_uart_fd.o)
 .data          0x00005434        0x0 Z:/workspace/lab5_2_bsp/\libhal_bsp.a(altera_avalon_jtag_uart_init.o)
 .data          0x00005434        0x0 Z:/workspace/lab5_2_bsp/\libhal_bsp.a(altera_avalon_jtag_uart_ioctl.o)
 .data          0x00005434        0x0 Z:/workspace/lab5_2_bsp/\libhal_bsp.a(altera_avalon_jtag_uart_read.o)
 .data          0x00005434        0x0 Z:/workspace/lab5_2_bsp/\libhal_bsp.a(altera_avalon_jtag_uart_write.o)
 .data          0x00005434        0x0 Z:/workspace/lab5_2_bsp/\libhal_bsp.a(altera_avalon_timer_sc.o)
 .data          0x00005434        0x0 Z:/workspace/lab5_2_bsp/\libhal_bsp.a(alt_alarm_start.o)
 .data          0x00005434        0x0 Z:/workspace/lab5_2_bsp/\libhal_bsp.a(alt_busy_sleep.o)
 .data          0x00005434        0x0 Z:/workspace/lab5_2_bsp/\libhal_bsp.a(alt_close.o)
 .data          0x00005434        0x0 Z:/workspace/lab5_2_bsp/\libhal_bsp.a(alt_dcache_flush_all.o)
 .data          0x00005434      0x1a8 Z:/workspace/lab5_2_bsp/\libhal_bsp.a(alt_dev.o)
                0x00005434                alt_dev_null
                0x0000545c                alt_fd_list
 .data          0x000055dc        0x0 Z:/workspace/lab5_2_bsp/\libhal_bsp.a(alt_dev_llist_insert.o)
 .data          0x000055dc        0x0 Z:/workspace/lab5_2_bsp/\libhal_bsp.a(alt_do_ctors.o)
 .data          0x000055dc        0x0 Z:/workspace/lab5_2_bsp/\libhal_bsp.a(alt_do_dtors.o)
 .data          0x000055dc        0x0 Z:/workspace/lab5_2_bsp/\libhal_bsp.a(alt_errno.o)
 .data          0x000055dc        0x0 Z:/workspace/lab5_2_bsp/\libhal_bsp.a(alt_icache_flush_all.o)
 .data          0x000055dc        0x0 Z:/workspace/lab5_2_bsp/\libhal_bsp.a(alt_iic.o)
 .data          0x000055dc        0x0 Z:/workspace/lab5_2_bsp/\libhal_bsp.a(alt_iic_isr_register.o)
 .data          0x000055dc        0x0 Z:/workspace/lab5_2_bsp/\libhal_bsp.a(alt_io_redirect.o)
 .data          0x000055dc        0x0 Z:/workspace/lab5_2_bsp/\libhal_bsp.a(alt_irq_entry.o)
 .data          0x000055dc        0x0 Z:/workspace/lab5_2_bsp/\libhal_bsp.a(alt_irq_handler.o)
 .data          0x000055dc        0x0 Z:/workspace/lab5_2_bsp/\libhal_bsp.a(alt_irq_vars.o)
 .data          0x000055dc        0x0 Z:/workspace/lab5_2_bsp/\libhal_bsp.a(alt_open.o)
 .data          0x000055dc        0x0 Z:/workspace/lab5_2_bsp/\libhal_bsp.a(alt_release_fd.o)
 .data          0x000055dc        0x0 Z:/workspace/lab5_2_bsp/\libhal_bsp.a(alt_tick.o)
 .data          0x000055dc        0x0 Z:/workspace/lab5_2_bsp/\libhal_bsp.a(altera_nios2_irq.o)
 .data          0x000055dc        0x0 Z:/workspace/lab5_2_bsp/\libhal_bsp.a(alt_exception_entry.o)
 .data          0x000055dc        0x0 Z:/workspace/lab5_2_bsp/\libhal_bsp.a(alt_find_dev.o)
 .data          0x000055dc        0x0 Z:/workspace/lab5_2_bsp/\libhal_bsp.a(alt_find_file.o)
 .data          0x000055dc        0x0 Z:/workspace/lab5_2_bsp/\libhal_bsp.a(alt_get_fd.o)
 .data          0x000055dc        0x0 Z:/workspace/lab5_2_bsp/\libhal_bsp.a(alt_icache_flush.o)
 .data          0x000055dc        0x0 c:/altera/11.1/nios2eds/bin/gnu/h-i686-mingw32/bin/../lib/gcc/nios2-elf/4.1.2/../../../../nios2-elf/lib\libc.a(lib_a-atexit.o)
 .data          0x000055dc        0x0 c:/altera/11.1/nios2eds/bin/gnu/h-i686-mingw32/bin/../lib/gcc/nios2-elf/4.1.2/../../../../nios2-elf/lib\libc.a(lib_a-exit.o)
 .data          0x000055dc        0x0 c:/altera/11.1/nios2eds/bin/gnu/h-i686-mingw32/bin/../lib/gcc/nios2-elf/4.1.2/../../../../nios2-elf/lib\libc.a(lib_a-memcmp.o)
 .data          0x000055dc        0x0 c:/altera/11.1/nios2eds/bin/gnu/h-i686-mingw32/bin/../lib/gcc/nios2-elf/4.1.2/../../../../nios2-elf/lib\libc.a(lib_a-memcpy.o)
 .data          0x000055dc        0x0 c:/altera/11.1/nios2eds/bin/gnu/h-i686-mingw32/bin/../lib/gcc/nios2-elf/4.1.2/../../../../nios2-elf/lib\libc.a(lib_a-strlen.o)
 .data          0x000055dc        0x0 c:/altera/11.1/nios2eds/bin/gnu/h-i686-mingw32/bin/../lib/gcc/nios2-elf/4.1.2/../../../../nios2-elf/lib\libc.a(lib_a-__atexit.o)
 .data          0x000055dc        0x0 c:/altera/11.1/nios2eds/bin/gnu/h-i686-mingw32/bin/../lib/gcc/nios2-elf/4.1.2/../../../../nios2-elf/lib\libc.a(lib_a-__call_atexit.o)
 .data          0x000055dc        0x0 Z:/workspace/lab5_2_bsp/\libhal_bsp.a(alt_exit.o)
                0x0000d5dc                _gp = ABSOLUTE ((. + 0x8000))
                0x0000d5dc                PROVIDE (gp, _gp)
 *(.rwdata .rwdata.*)
 *(.sdata .sdata.* .gnu.linkonce.s.*)
 .sdata         0x000055dc        0x8 c:/altera/11.1/nios2eds/bin/gnu/h-i686-mingw32/bin/../lib/gcc/nios2-elf/4.1.2/../../../../nios2-elf/lib\libc.a(lib_a-impure.o)
                0x000055dc                _impure_ptr
                0x000055e0                _global_impure_ptr
 .sdata         0x000055e4        0x8 c:/altera/11.1/nios2eds/bin/gnu/h-i686-mingw32/bin/../lib/gcc/nios2-elf/4.1.2/../../../../nios2-elf/lib\libc.a(lib_a-mallocr.o)
                0x000055e4                __malloc_trim_threshold
                0x000055e8                __malloc_sbrk_base
 .sdata         0x000055ec        0x4 Z:/workspace/lab5_2_bsp/\libhal_bsp.a(alt_sbrk.o)
 .sdata         0x000055f0       0x14 Z:/workspace/lab5_2_bsp/\libhal_bsp.a(alt_dev.o)
                0x000055f0                alt_fs_list
                0x000055f8                alt_dev_list
                0x00005600                alt_max_fd
 .sdata         0x00005604        0x4 Z:/workspace/lab5_2_bsp/\libhal_bsp.a(alt_errno.o)
                0x00005604                alt_errno
 .sdata         0x00005608        0x4 Z:/workspace/lab5_2_bsp/\libhal_bsp.a(alt_irq_vars.o)
                0x00005608                alt_priority_mask
 .sdata         0x0000560c        0x8 Z:/workspace/lab5_2_bsp/\libhal_bsp.a(alt_tick.o)
                0x0000560c                alt_alarm_list
 *(.sdata2 .sdata2.* .gnu.linkonce.s2.*)
                0x00005614                . = ALIGN (0x4)
                0x00005614                _edata = ABSOLUTE (.)
                0x00005614                PROVIDE (edata, ABSOLUTE (.))
                0x00005614                PROVIDE (__ram_rwdata_end, ABSOLUTE (.))
                0x00005614                PROVIDE (__flash_rwdata_start, LOADADDR (.rwdata))

.bss            0x0000705c      0x2e0
                0x0000705c                __bss_start = ABSOLUTE (.)
                0x0000705c                PROVIDE (__sbss_start, ABSOLUTE (.))
                0x0000705c                PROVIDE (___sbss_start, ABSOLUTE (.))
 *(.dynsbss)
 *(.sbss .sbss.* .gnu.linkonce.sb.*)
 .sbss          0x0000705c        0xc c:/altera/11.1/nios2eds/bin/gnu/h-i686-mingw32/bin/../lib/gcc/nios2-elf/4.1.2/../../../../nios2-elf/lib\libc.a(lib_a-mallocr.o)
                0x0000705c                __malloc_top_pad
                0x00007060                __malloc_max_sbrked_mem
                0x00007064                __malloc_max_total_mem
 .sbss          0x00007068        0x4 c:/altera/11.1/nios2eds/bin/gnu/h-i686-mingw32/bin/../lib/gcc/nios2-elf/4.1.2/../../../../nios2-elf/lib\libc.a(lib_a-int_errno.o)
                0x00007068                errno
 .sbss          0x0000706c        0xc Z:/workspace/lab5_2_bsp/\libhal_bsp.a(alt_main.o)
                0x0000706c                alt_argc
                0x00007070                alt_argv
                0x00007074                alt_envp
 .sbss          0x00007078        0x4 Z:/workspace/lab5_2_bsp/\libhal_bsp.a(alt_irq_vars.o)
                0x00007078                alt_irq_active
 .sbss          0x0000707c        0x8 Z:/workspace/lab5_2_bsp/\libhal_bsp.a(alt_tick.o)
                0x0000707c                _alt_tick_rate
                0x00007080                _alt_nticks
 *(.sbss2 .sbss2.* .gnu.linkonce.sb2.*)
 *(.scommon)
                0x00007084                PROVIDE (__sbss_end, ABSOLUTE (.))
                0x00007084                PROVIDE (___sbss_end, ABSOLUTE (.))
 *(.dynbss)
 *(.bss .bss.* .gnu.linkonce.b.*)
 .bss           0x00007084        0x0 Z:/workspace/lab5_2_bsp//obj/HAL/src/crt0.o
 .bss           0x00007084        0x0 obj/default/lab5_2.o
 .bss           0x00007084        0x0 c:/altera/11.1/nios2eds/bin/gnu/h-i686-mingw32/bin/../lib/gcc/nios2-elf/4.1.2\libgcc.a(lib2-divmod.o)
 .bss           0x00007084        0x0 c:/altera/11.1/nios2eds/bin/gnu/h-i686-mingw32/bin/../lib/gcc/nios2-elf/4.1.2/../../../../nios2-elf/lib\libc.a(lib_a-calloc.o)
 .bss           0x00007084        0x0 c:/altera/11.1/nios2eds/bin/gnu/h-i686-mingw32/bin/../lib/gcc/nios2-elf/4.1.2/../../../../nios2-elf/lib\libc.a(lib_a-callocr.o)
 .bss           0x00007084        0x0 c:/altera/11.1/nios2eds/bin/gnu/h-i686-mingw32/bin/../lib/gcc/nios2-elf/4.1.2/../../../../nios2-elf/lib\libc.a(lib_a-impure.o)
 .bss           0x00007084       0x28 c:/altera/11.1/nios2eds/bin/gnu/h-i686-mingw32/bin/../lib/gcc/nios2-elf/4.1.2/../../../../nios2-elf/lib\libc.a(lib_a-mallocr.o)
                0x00007084                __malloc_current_mallinfo
 .bss           0x000070ac        0x0 c:/altera/11.1/nios2eds/bin/gnu/h-i686-mingw32/bin/../lib/gcc/nios2-elf/4.1.2/../../../../nios2-elf/lib\libc.a(lib_a-memset.o)
 .bss           0x000070ac        0x0 c:/altera/11.1/nios2eds/bin/gnu/h-i686-mingw32/bin/../lib/gcc/nios2-elf/4.1.2/../../../../nios2-elf/lib\libc.a(lib_a-sbrkr.o)
 .bss           0x000070ac        0x0 c:/altera/11.1/nios2eds/bin/gnu/h-i686-mingw32/bin/../lib/gcc/nios2-elf/4.1.2/../../../../nios2-elf/lib\libc.a(lib_a-freer.o)
 .bss           0x000070ac        0x0 c:/altera/11.1/nios2eds/bin/gnu/h-i686-mingw32/bin/../lib/gcc/nios2-elf/4.1.2/../../../../nios2-elf/lib\libc.a(lib_a-int_errno.o)
 .bss           0x000070ac        0x0 Z:/workspace/lab5_2_bsp/\libhal_bsp.a(alt_load.o)
 .bss           0x000070ac        0x0 Z:/workspace/lab5_2_bsp/\libhal_bsp.a(alt_main.o)
 .bss           0x000070ac        0x0 Z:/workspace/lab5_2_bsp/\libhal_bsp.a(alt_malloc_lock.o)
 .bss           0x000070ac        0x0 Z:/workspace/lab5_2_bsp/\libhal_bsp.a(alt_sbrk.o)
 .bss           0x000070ac        0x0 Z:/workspace/lab5_2_bsp/\libhal_bsp.a(alt_usleep.o)
 .bss           0x000070ac        0x0 Z:/workspace/lab5_2_bsp/\libhal_bsp.a(alt_sys_init.o)
 .bss           0x000070ac        0x0 Z:/workspace/lab5_2_bsp/\libhal_bsp.a(altera_avalon_jtag_uart_fd.o)
 .bss           0x000070ac        0x0 Z:/workspace/lab5_2_bsp/\libhal_bsp.a(altera_avalon_jtag_uart_init.o)
 .bss           0x000070ac        0x0 Z:/workspace/lab5_2_bsp/\libhal_bsp.a(altera_avalon_jtag_uart_ioctl.o)
 .bss           0x000070ac        0x0 Z:/workspace/lab5_2_bsp/\libhal_bsp.a(altera_avalon_jtag_uart_read.o)
 .bss           0x000070ac        0x0 Z:/workspace/lab5_2_bsp/\libhal_bsp.a(altera_avalon_jtag_uart_write.o)
 .bss           0x000070ac        0x0 Z:/workspace/lab5_2_bsp/\libhal_bsp.a(altera_avalon_timer_sc.o)
 .bss           0x000070ac        0x0 Z:/workspace/lab5_2_bsp/\libhal_bsp.a(alt_alarm_start.o)
 .bss           0x000070ac        0x0 Z:/workspace/lab5_2_bsp/\libhal_bsp.a(alt_busy_sleep.o)
 .bss           0x000070ac        0x0 Z:/workspace/lab5_2_bsp/\libhal_bsp.a(alt_close.o)
 .bss           0x000070ac        0x0 Z:/workspace/lab5_2_bsp/\libhal_bsp.a(alt_dcache_flush_all.o)
 .bss           0x000070ac        0x0 Z:/workspace/lab5_2_bsp/\libhal_bsp.a(alt_dev.o)
 .bss           0x000070ac        0x0 Z:/workspace/lab5_2_bsp/\libhal_bsp.a(alt_dev_llist_insert.o)
 .bss           0x000070ac        0x0 Z:/workspace/lab5_2_bsp/\libhal_bsp.a(alt_do_ctors.o)
 .bss           0x000070ac        0x0 Z:/workspace/lab5_2_bsp/\libhal_bsp.a(alt_do_dtors.o)
 .bss           0x000070ac        0x0 Z:/workspace/lab5_2_bsp/\libhal_bsp.a(alt_errno.o)
 .bss           0x000070ac        0x0 Z:/workspace/lab5_2_bsp/\libhal_bsp.a(alt_icache_flush_all.o)
 .bss           0x000070ac        0x0 Z:/workspace/lab5_2_bsp/\libhal_bsp.a(alt_iic.o)
 .bss           0x000070ac        0x0 Z:/workspace/lab5_2_bsp/\libhal_bsp.a(alt_iic_isr_register.o)
 .bss           0x000070ac        0x0 Z:/workspace/lab5_2_bsp/\libhal_bsp.a(alt_io_redirect.o)
 .bss           0x000070ac        0x0 Z:/workspace/lab5_2_bsp/\libhal_bsp.a(alt_irq_entry.o)
 .bss           0x000070ac        0x0 Z:/workspace/lab5_2_bsp/\libhal_bsp.a(alt_irq_handler.o)
 .bss           0x000070ac        0x0 Z:/workspace/lab5_2_bsp/\libhal_bsp.a(alt_irq_vars.o)
 .bss           0x000070ac        0x0 Z:/workspace/lab5_2_bsp/\libhal_bsp.a(alt_open.o)
 .bss           0x000070ac        0x0 Z:/workspace/lab5_2_bsp/\libhal_bsp.a(alt_release_fd.o)
 .bss           0x000070ac        0x0 Z:/workspace/lab5_2_bsp/\libhal_bsp.a(alt_tick.o)
 .bss           0x000070ac        0x0 Z:/workspace/lab5_2_bsp/\libhal_bsp.a(altera_nios2_irq.o)
 .bss           0x000070ac        0x0 Z:/workspace/lab5_2_bsp/\libhal_bsp.a(alt_exception_entry.o)
 .bss           0x000070ac        0x0 Z:/workspace/lab5_2_bsp/\libhal_bsp.a(alt_find_dev.o)
 .bss           0x000070ac        0x0 Z:/workspace/lab5_2_bsp/\libhal_bsp.a(alt_find_file.o)
 .bss           0x000070ac        0x0 Z:/workspace/lab5_2_bsp/\libhal_bsp.a(alt_get_fd.o)
 .bss           0x000070ac        0x0 Z:/workspace/lab5_2_bsp/\libhal_bsp.a(alt_icache_flush.o)
 .bss           0x000070ac        0x0 c:/altera/11.1/nios2eds/bin/gnu/h-i686-mingw32/bin/../lib/gcc/nios2-elf/4.1.2/../../../../nios2-elf/lib\libc.a(lib_a-atexit.o)
 .bss           0x000070ac        0x0 c:/altera/11.1/nios2eds/bin/gnu/h-i686-mingw32/bin/../lib/gcc/nios2-elf/4.1.2/../../../../nios2-elf/lib\libc.a(lib_a-exit.o)
 .bss           0x000070ac        0x0 c:/altera/11.1/nios2eds/bin/gnu/h-i686-mingw32/bin/../lib/gcc/nios2-elf/4.1.2/../../../../nios2-elf/lib\libc.a(lib_a-memcmp.o)
 .bss           0x000070ac        0x0 c:/altera/11.1/nios2eds/bin/gnu/h-i686-mingw32/bin/../lib/gcc/nios2-elf/4.1.2/../../../../nios2-elf/lib\libc.a(lib_a-memcpy.o)
 .bss           0x000070ac        0x0 c:/altera/11.1/nios2eds/bin/gnu/h-i686-mingw32/bin/../lib/gcc/nios2-elf/4.1.2/../../../../nios2-elf/lib\libc.a(lib_a-strlen.o)
 .bss           0x000070ac        0x0 c:/altera/11.1/nios2eds/bin/gnu/h-i686-mingw32/bin/../lib/gcc/nios2-elf/4.1.2/../../../../nios2-elf/lib\libc.a(lib_a-__atexit.o)
 .bss           0x000070ac        0x0 c:/altera/11.1/nios2eds/bin/gnu/h-i686-mingw32/bin/../lib/gcc/nios2-elf/4.1.2/../../../../nios2-elf/lib\libc.a(lib_a-__call_atexit.o)
 .bss           0x000070ac        0x0 Z:/workspace/lab5_2_bsp/\libhal_bsp.a(alt_exit.o)
 *(COMMON)
 COMMON         0x000070ac      0x100 Z:/workspace/lab5_2_bsp/\libhal_bsp.a(alt_irq_handler.o)
                0x000070ac                alt_irq
 COMMON         0x000071ac      0x190 c:/altera/11.1/nios2eds/bin/gnu/h-i686-mingw32/bin/../lib/gcc/nios2-elf/4.1.2/../../../../nios2-elf/lib\libc.a(lib_a-atexit.o)
                0x000071ac                _atexit0
                0x0000733c                . = ALIGN (0x4)
                0x0000733c                __bss_end = ABSOLUTE (.)

.sdram          0x0000733c        0x0
                0x0000733c                PROVIDE (_alt_partition_sdram_start, ABSOLUTE (.))
 *(.sdram. sdram.*)
                0x0000733c                . = ALIGN (0x4)
                0x0000733c                PROVIDE (_alt_partition_sdram_end, ABSOLUTE (.))
                0x0000733c                _end = ABSOLUTE (.)
                0x0000733c                end = ABSOLUTE (.)
                0x0000733c                __alt_stack_base = ABSOLUTE (.)
                0x0000733c                PROVIDE (_alt_partition_sdram_load_addr, LOADADDR (.sdram))

.SRAM           0x08000000        0x0 load address 0x0000733c
                0x08000000                PROVIDE (_alt_partition_SRAM_start, ABSOLUTE (.))
 *(.SRAM. SRAM.*)
                0x08000000                . = ALIGN (0x4)
                0x08000000                PROVIDE (_alt_partition_SRAM_end, ABSOLUTE (.))
                0x0000733c                PROVIDE (_alt_partition_SRAM_load_addr, LOADADDR (.SRAM))

.Onchip_memory  0x09000000        0x0 load address 0x0000733c
                0x09000000                PROVIDE (_alt_partition_Onchip_memory_start, ABSOLUTE (.))
 *(.Onchip_memory. Onchip_memory.*)
                0x09000000                . = ALIGN (0x4)
                0x09000000                PROVIDE (_alt_partition_Onchip_memory_end, ABSOLUTE (.))
                0x0000733c                PROVIDE (_alt_partition_Onchip_memory_load_addr, LOADADDR (.Onchip_memory))

.stab
 *(.stab)

.stabstr
 *(.stabstr)

.stab.excl
 *(.stab.excl)

.stab.exclstr
 *(.stab.exclstr)

.stab.index
 *(.stab.index)

.stab.indexstr
 *(.stab.indexstr)

.comment        0x00000000       0x23
 *(.comment)
 .comment       0x00000000       0x23 obj/default/lab5_2.o
                                 0x24 (size before relaxing)
 .comment       0x00000000       0x24 c:/altera/11.1/nios2eds/bin/gnu/h-i686-mingw32/bin/../lib/gcc/nios2-elf/4.1.2\libgcc.a(lib2-divmod.o)
 .comment       0x00000000       0x24 c:/altera/11.1/nios2eds/bin/gnu/h-i686-mingw32/bin/../lib/gcc/nios2-elf/4.1.2/../../../../nios2-elf/lib\libc.a(lib_a-calloc.o)
 .comment       0x00000000       0x24 c:/altera/11.1/nios2eds/bin/gnu/h-i686-mingw32/bin/../lib/gcc/nios2-elf/4.1.2/../../../../nios2-elf/lib\libc.a(lib_a-callocr.o)
 .comment       0x00000000       0x24 c:/altera/11.1/nios2eds/bin/gnu/h-i686-mingw32/bin/../lib/gcc/nios2-elf/4.1.2/../../../../nios2-elf/lib\libc.a(lib_a-impure.o)
 .comment       0x00000000       0x24 c:/altera/11.1/nios2eds/bin/gnu/h-i686-mingw32/bin/../lib/gcc/nios2-elf/4.1.2/../../../../nios2-elf/lib\libc.a(lib_a-mallocr.o)
 .comment       0x00000000       0x24 c:/altera/11.1/nios2eds/bin/gnu/h-i686-mingw32/bin/../lib/gcc/nios2-elf/4.1.2/../../../../nios2-elf/lib\libc.a(lib_a-memset.o)
 .comment       0x00000000       0x24 c:/altera/11.1/nios2eds/bin/gnu/h-i686-mingw32/bin/../lib/gcc/nios2-elf/4.1.2/../../../../nios2-elf/lib\libc.a(lib_a-sbrkr.o)
 .comment       0x00000000       0x24 c:/altera/11.1/nios2eds/bin/gnu/h-i686-mingw32/bin/../lib/gcc/nios2-elf/4.1.2/../../../../nios2-elf/lib\libc.a(lib_a-freer.o)
 .comment       0x00000000       0x24 c:/altera/11.1/nios2eds/bin/gnu/h-i686-mingw32/bin/../lib/gcc/nios2-elf/4.1.2/../../../../nios2-elf/lib\libc.a(lib_a-int_errno.o)
 .comment       0x00000000       0x24 Z:/workspace/lab5_2_bsp/\libhal_bsp.a(alt_load.o)
 .comment       0x00000000       0x24 Z:/workspace/lab5_2_bsp/\libhal_bsp.a(alt_main.o)
 .comment       0x00000000       0x24 Z:/workspace/lab5_2_bsp/\libhal_bsp.a(alt_malloc_lock.o)
 .comment       0x00000000       0x24 Z:/workspace/lab5_2_bsp/\libhal_bsp.a(alt_sbrk.o)
 .comment       0x00000000       0x24 Z:/workspace/lab5_2_bsp/\libhal_bsp.a(alt_usleep.o)
 .comment       0x00000000       0x24 Z:/workspace/lab5_2_bsp/\libhal_bsp.a(alt_sys_init.o)
 .comment       0x00000000       0x24 Z:/workspace/lab5_2_bsp/\libhal_bsp.a(altera_avalon_jtag_uart_fd.o)
 .comment       0x00000000       0x24 Z:/workspace/lab5_2_bsp/\libhal_bsp.a(altera_avalon_jtag_uart_init.o)
 .comment       0x00000000       0x24 Z:/workspace/lab5_2_bsp/\libhal_bsp.a(altera_avalon_jtag_uart_ioctl.o)
 .comment       0x00000000       0x24 Z:/workspace/lab5_2_bsp/\libhal_bsp.a(altera_avalon_jtag_uart_read.o)
 .comment       0x00000000       0x24 Z:/workspace/lab5_2_bsp/\libhal_bsp.a(altera_avalon_jtag_uart_write.o)
 .comment       0x00000000       0x24 Z:/workspace/lab5_2_bsp/\libhal_bsp.a(altera_avalon_timer_sc.o)
 .comment       0x00000000       0x24 Z:/workspace/lab5_2_bsp/\libhal_bsp.a(alt_alarm_start.o)
 .comment       0x00000000       0x24 Z:/workspace/lab5_2_bsp/\libhal_bsp.a(alt_busy_sleep.o)
 .comment       0x00000000       0x24 Z:/workspace/lab5_2_bsp/\libhal_bsp.a(alt_close.o)
 .comment       0x00000000       0x24 Z:/workspace/lab5_2_bsp/\libhal_bsp.a(alt_dcache_flush_all.o)
 .comment       0x00000000       0x24 Z:/workspace/lab5_2_bsp/\libhal_bsp.a(alt_dev.o)
 .comment       0x00000000       0x24 Z:/workspace/lab5_2_bsp/\libhal_bsp.a(alt_dev_llist_insert.o)
 .comment       0x00000000       0x24 Z:/workspace/lab5_2_bsp/\libhal_bsp.a(alt_do_ctors.o)
 .comment       0x00000000       0x24 Z:/workspace/lab5_2_bsp/\libhal_bsp.a(alt_do_dtors.o)
 .comment       0x00000000       0x24 Z:/workspace/lab5_2_bsp/\libhal_bsp.a(alt_errno.o)
 .comment       0x00000000       0x24 Z:/workspace/lab5_2_bsp/\libhal_bsp.a(alt_icache_flush_all.o)
 .comment       0x00000000       0x24 Z:/workspace/lab5_2_bsp/\libhal_bsp.a(alt_iic.o)
 .comment       0x00000000       0x24 Z:/workspace/lab5_2_bsp/\libhal_bsp.a(alt_iic_isr_register.o)
 .comment       0x00000000       0x24 Z:/workspace/lab5_2_bsp/\libhal_bsp.a(alt_io_redirect.o)
 .comment       0x00000000       0x24 Z:/workspace/lab5_2_bsp/\libhal_bsp.a(alt_irq_handler.o)
 .comment       0x00000000       0x24 Z:/workspace/lab5_2_bsp/\libhal_bsp.a(alt_irq_vars.o)
 .comment       0x00000000       0x24 Z:/workspace/lab5_2_bsp/\libhal_bsp.a(alt_open.o)
 .comment       0x00000000       0x24 Z:/workspace/lab5_2_bsp/\libhal_bsp.a(alt_release_fd.o)
 .comment       0x00000000       0x24 Z:/workspace/lab5_2_bsp/\libhal_bsp.a(alt_tick.o)
 .comment       0x00000000       0x24 Z:/workspace/lab5_2_bsp/\libhal_bsp.a(altera_nios2_irq.o)
 .comment       0x00000000       0x24 Z:/workspace/lab5_2_bsp/\libhal_bsp.a(alt_find_dev.o)
 .comment       0x00000000       0x24 Z:/workspace/lab5_2_bsp/\libhal_bsp.a(alt_find_file.o)
 .comment       0x00000000       0x24 Z:/workspace/lab5_2_bsp/\libhal_bsp.a(alt_get_fd.o)
 .comment       0x00000000       0x24 Z:/workspace/lab5_2_bsp/\libhal_bsp.a(alt_icache_flush.o)
 .comment       0x00000000       0x24 c:/altera/11.1/nios2eds/bin/gnu/h-i686-mingw32/bin/../lib/gcc/nios2-elf/4.1.2/../../../../nios2-elf/lib\libc.a(lib_a-atexit.o)
 .comment       0x00000000       0x24 c:/altera/11.1/nios2eds/bin/gnu/h-i686-mingw32/bin/../lib/gcc/nios2-elf/4.1.2/../../../../nios2-elf/lib\libc.a(lib_a-exit.o)
 .comment       0x00000000       0x24 c:/altera/11.1/nios2eds/bin/gnu/h-i686-mingw32/bin/../lib/gcc/nios2-elf/4.1.2/../../../../nios2-elf/lib\libc.a(lib_a-memcmp.o)
 .comment       0x00000000       0x24 c:/altera/11.1/nios2eds/bin/gnu/h-i686-mingw32/bin/../lib/gcc/nios2-elf/4.1.2/../../../../nios2-elf/lib\libc.a(lib_a-memcpy.o)
 .comment       0x00000000       0x24 c:/altera/11.1/nios2eds/bin/gnu/h-i686-mingw32/bin/../lib/gcc/nios2-elf/4.1.2/../../../../nios2-elf/lib\libc.a(lib_a-strlen.o)
 .comment       0x00000000       0x24 c:/altera/11.1/nios2eds/bin/gnu/h-i686-mingw32/bin/../lib/gcc/nios2-elf/4.1.2/../../../../nios2-elf/lib\libc.a(lib_a-__atexit.o)
 .comment       0x00000000       0x24 c:/altera/11.1/nios2eds/bin/gnu/h-i686-mingw32/bin/../lib/gcc/nios2-elf/4.1.2/../../../../nios2-elf/lib\libc.a(lib_a-__call_atexit.o)
 .comment       0x00000000       0x24 Z:/workspace/lab5_2_bsp/\libhal_bsp.a(alt_exit.o)

.debug
 *(.debug)

.line
 *(.line)

.debug_srcinfo
 *(.debug_srcinfo)

.debug_sfnames
 *(.debug_sfnames)

.debug_aranges  0x00000000      0x6b8
 *(.debug_aranges)
 .debug_aranges
                0x00000000       0x28 Z:/workspace/lab5_2_bsp//obj/HAL/src/crt0.o
 .debug_aranges
                0x00000028       0x20 obj/default/lab5_2.o
 .debug_aranges
                0x00000048       0x20 c:/altera/11.1/nios2eds/bin/gnu/h-i686-mingw32/bin/../lib/gcc/nios2-elf/4.1.2\libgcc.a(lib2-divmod.o)
 .debug_aranges
                0x00000068       0x20 c:/altera/11.1/nios2eds/bin/gnu/h-i686-mingw32/bin/../lib/gcc/nios2-elf/4.1.2/../../../../nios2-elf/lib\libc.a(lib_a-calloc.o)
 .debug_aranges
                0x00000088       0x20 c:/altera/11.1/nios2eds/bin/gnu/h-i686-mingw32/bin/../lib/gcc/nios2-elf/4.1.2/../../../../nios2-elf/lib\libc.a(lib_a-callocr.o)
 .debug_aranges
                0x000000a8       0x20 c:/altera/11.1/nios2eds/bin/gnu/h-i686-mingw32/bin/../lib/gcc/nios2-elf/4.1.2/../../../../nios2-elf/lib\libc.a(lib_a-mallocr.o)
 .debug_aranges
                0x000000c8       0x20 c:/altera/11.1/nios2eds/bin/gnu/h-i686-mingw32/bin/../lib/gcc/nios2-elf/4.1.2/../../../../nios2-elf/lib\libc.a(lib_a-memset.o)
 .debug_aranges
                0x000000e8       0x20 c:/altera/11.1/nios2eds/bin/gnu/h-i686-mingw32/bin/../lib/gcc/nios2-elf/4.1.2/../../../../nios2-elf/lib\libc.a(lib_a-sbrkr.o)
 .debug_aranges
                0x00000108       0x20 c:/altera/11.1/nios2eds/bin/gnu/h-i686-mingw32/bin/../lib/gcc/nios2-elf/4.1.2/../../../../nios2-elf/lib\libc.a(lib_a-freer.o)
 .debug_aranges
                0x00000128       0x20 Z:/workspace/lab5_2_bsp/\libhal_bsp.a(alt_load.o)
 .debug_aranges
                0x00000148       0x20 Z:/workspace/lab5_2_bsp/\libhal_bsp.a(alt_main.o)
 .debug_aranges
                0x00000168       0x20 Z:/workspace/lab5_2_bsp/\libhal_bsp.a(alt_malloc_lock.o)
 .debug_aranges
                0x00000188       0x20 Z:/workspace/lab5_2_bsp/\libhal_bsp.a(alt_sbrk.o)
 .debug_aranges
                0x000001a8       0x20 Z:/workspace/lab5_2_bsp/\libhal_bsp.a(alt_usleep.o)
 .debug_aranges
                0x000001c8       0x20 Z:/workspace/lab5_2_bsp/\libhal_bsp.a(alt_sys_init.o)
 .debug_aranges
                0x000001e8       0x20 Z:/workspace/lab5_2_bsp/\libhal_bsp.a(altera_avalon_jtag_uart_fd.o)
 .debug_aranges
                0x00000208       0x20 Z:/workspace/lab5_2_bsp/\libhal_bsp.a(altera_avalon_jtag_uart_init.o)
 .debug_aranges
                0x00000228       0x20 Z:/workspace/lab5_2_bsp/\libhal_bsp.a(altera_avalon_jtag_uart_ioctl.o)
 .debug_aranges
                0x00000248       0x20 Z:/workspace/lab5_2_bsp/\libhal_bsp.a(altera_avalon_jtag_uart_read.o)
 .debug_aranges
                0x00000268       0x20 Z:/workspace/lab5_2_bsp/\libhal_bsp.a(altera_avalon_jtag_uart_write.o)
 .debug_aranges
                0x00000288       0x20 Z:/workspace/lab5_2_bsp/\libhal_bsp.a(altera_avalon_timer_sc.o)
 .debug_aranges
                0x000002a8       0x20 Z:/workspace/lab5_2_bsp/\libhal_bsp.a(alt_alarm_start.o)
 .debug_aranges
                0x000002c8       0x20 Z:/workspace/lab5_2_bsp/\libhal_bsp.a(alt_busy_sleep.o)
 .debug_aranges
                0x000002e8       0x20 Z:/workspace/lab5_2_bsp/\libhal_bsp.a(alt_close.o)
 .debug_aranges
                0x00000308       0x20 Z:/workspace/lab5_2_bsp/\libhal_bsp.a(alt_dcache_flush_all.o)
 .debug_aranges
                0x00000328       0x20 Z:/workspace/lab5_2_bsp/\libhal_bsp.a(alt_dev.o)
 .debug_aranges
                0x00000348       0x20 Z:/workspace/lab5_2_bsp/\libhal_bsp.a(alt_dev_llist_insert.o)
 .debug_aranges
                0x00000368       0x20 Z:/workspace/lab5_2_bsp/\libhal_bsp.a(alt_do_ctors.o)
 .debug_aranges
                0x00000388       0x20 Z:/workspace/lab5_2_bsp/\libhal_bsp.a(alt_do_dtors.o)
 .debug_aranges
                0x000003a8       0x20 Z:/workspace/lab5_2_bsp/\libhal_bsp.a(alt_icache_flush_all.o)
 .debug_aranges
                0x000003c8       0x20 Z:/workspace/lab5_2_bsp/\libhal_bsp.a(alt_iic.o)
 .debug_aranges
                0x000003e8       0x20 Z:/workspace/lab5_2_bsp/\libhal_bsp.a(alt_iic_isr_register.o)
 .debug_aranges
                0x00000408       0x20 Z:/workspace/lab5_2_bsp/\libhal_bsp.a(alt_io_redirect.o)
 .debug_aranges
                0x00000428       0x30 Z:/workspace/lab5_2_bsp/\libhal_bsp.a(alt_irq_entry.o)
 .debug_aranges
                0x00000458       0x28 Z:/workspace/lab5_2_bsp/\libhal_bsp.a(alt_irq_handler.o)
 .debug_aranges
                0x00000480       0x20 Z:/workspace/lab5_2_bsp/\libhal_bsp.a(alt_open.o)
 .debug_aranges
                0x000004a0       0x20 Z:/workspace/lab5_2_bsp/\libhal_bsp.a(alt_release_fd.o)
 .debug_aranges
                0x000004c0       0x20 Z:/workspace/lab5_2_bsp/\libhal_bsp.a(alt_tick.o)
 .debug_aranges
                0x000004e0       0x20 Z:/workspace/lab5_2_bsp/\libhal_bsp.a(altera_nios2_irq.o)
 .debug_aranges
                0x00000500       0x38 Z:/workspace/lab5_2_bsp/\libhal_bsp.a(alt_exception_entry.o)
 .debug_aranges
                0x00000538       0x20 Z:/workspace/lab5_2_bsp/\libhal_bsp.a(alt_find_dev.o)
 .debug_aranges
                0x00000558       0x20 Z:/workspace/lab5_2_bsp/\libhal_bsp.a(alt_find_file.o)
 .debug_aranges
                0x00000578       0x20 Z:/workspace/lab5_2_bsp/\libhal_bsp.a(alt_get_fd.o)
 .debug_aranges
                0x00000598       0x20 Z:/workspace/lab5_2_bsp/\libhal_bsp.a(alt_icache_flush.o)
 .debug_aranges
                0x000005b8       0x20 c:/altera/11.1/nios2eds/bin/gnu/h-i686-mingw32/bin/../lib/gcc/nios2-elf/4.1.2/../../../../nios2-elf/lib\libc.a(lib_a-atexit.o)
 .debug_aranges
                0x000005d8       0x20 c:/altera/11.1/nios2eds/bin/gnu/h-i686-mingw32/bin/../lib/gcc/nios2-elf/4.1.2/../../../../nios2-elf/lib\libc.a(lib_a-exit.o)
 .debug_aranges
                0x000005f8       0x20 c:/altera/11.1/nios2eds/bin/gnu/h-i686-mingw32/bin/../lib/gcc/nios2-elf/4.1.2/../../../../nios2-elf/lib\libc.a(lib_a-memcmp.o)
 .debug_aranges
                0x00000618       0x20 c:/altera/11.1/nios2eds/bin/gnu/h-i686-mingw32/bin/../lib/gcc/nios2-elf/4.1.2/../../../../nios2-elf/lib\libc.a(lib_a-memcpy.o)
 .debug_aranges
                0x00000638       0x20 c:/altera/11.1/nios2eds/bin/gnu/h-i686-mingw32/bin/../lib/gcc/nios2-elf/4.1.2/../../../../nios2-elf/lib\libc.a(lib_a-strlen.o)
 .debug_aranges
                0x00000658       0x20 c:/altera/11.1/nios2eds/bin/gnu/h-i686-mingw32/bin/../lib/gcc/nios2-elf/4.1.2/../../../../nios2-elf/lib\libc.a(lib_a-__atexit.o)
 .debug_aranges
                0x00000678       0x20 c:/altera/11.1/nios2eds/bin/gnu/h-i686-mingw32/bin/../lib/gcc/nios2-elf/4.1.2/../../../../nios2-elf/lib\libc.a(lib_a-__call_atexit.o)
 .debug_aranges
                0x00000698       0x20 Z:/workspace/lab5_2_bsp/\libhal_bsp.a(alt_exit.o)

.debug_pubnames
                0x00000000      0xa5f
 *(.debug_pubnames)
 .debug_pubnames
                0x00000000       0x3b obj/default/lab5_2.o
 .debug_pubnames
                0x0000003b       0x48 c:/altera/11.1/nios2eds/bin/gnu/h-i686-mingw32/bin/../lib/gcc/nios2-elf/4.1.2\libgcc.a(lib2-divmod.o)
 .debug_pubnames
                0x00000083       0x1d c:/altera/11.1/nios2eds/bin/gnu/h-i686-mingw32/bin/../lib/gcc/nios2-elf/4.1.2/../../../../nios2-elf/lib\libc.a(lib_a-calloc.o)
 .debug_pubnames
                0x000000a0       0x20 c:/altera/11.1/nios2eds/bin/gnu/h-i686-mingw32/bin/../lib/gcc/nios2-elf/4.1.2/../../../../nios2-elf/lib\libc.a(lib_a-callocr.o)
 .debug_pubnames
                0x000000c0       0x39 c:/altera/11.1/nios2eds/bin/gnu/h-i686-mingw32/bin/../lib/gcc/nios2-elf/4.1.2/../../../../nios2-elf/lib\libc.a(lib_a-impure.o)
 .debug_pubnames
                0x000000f9       0xce c:/altera/11.1/nios2eds/bin/gnu/h-i686-mingw32/bin/../lib/gcc/nios2-elf/4.1.2/../../../../nios2-elf/lib\libc.a(lib_a-mallocr.o)
 .debug_pubnames
                0x000001c7       0x1d c:/altera/11.1/nios2eds/bin/gnu/h-i686-mingw32/bin/../lib/gcc/nios2-elf/4.1.2/../../../../nios2-elf/lib\libc.a(lib_a-memset.o)
 .debug_pubnames
                0x000001e4       0x1e c:/altera/11.1/nios2eds/bin/gnu/h-i686-mingw32/bin/../lib/gcc/nios2-elf/4.1.2/../../../../nios2-elf/lib\libc.a(lib_a-sbrkr.o)
 .debug_pubnames
                0x00000202       0x31 c:/altera/11.1/nios2eds/bin/gnu/h-i686-mingw32/bin/../lib/gcc/nios2-elf/4.1.2/../../../../nios2-elf/lib\libc.a(lib_a-freer.o)
 .debug_pubnames
                0x00000233       0x1c c:/altera/11.1/nios2eds/bin/gnu/h-i686-mingw32/bin/../lib/gcc/nios2-elf/4.1.2/../../../../nios2-elf/lib\libc.a(lib_a-int_errno.o)
 .debug_pubnames
                0x0000024f       0x1f Z:/workspace/lab5_2_bsp/\libhal_bsp.a(alt_load.o)
 .debug_pubnames
                0x0000026e       0x46 Z:/workspace/lab5_2_bsp/\libhal_bsp.a(alt_main.o)
 .debug_pubnames
                0x000002b4       0x38 Z:/workspace/lab5_2_bsp/\libhal_bsp.a(alt_malloc_lock.o)
 .debug_pubnames
                0x000002ec       0x1b Z:/workspace/lab5_2_bsp/\libhal_bsp.a(alt_sbrk.o)
 .debug_pubnames
                0x00000307       0x1d Z:/workspace/lab5_2_bsp/\libhal_bsp.a(alt_usleep.o)
 .debug_pubnames
                0x00000324       0x34 Z:/workspace/lab5_2_bsp/\libhal_bsp.a(alt_sys_init.o)
 .debug_pubnames
                0x00000358       0xa5 Z:/workspace/lab5_2_bsp/\libhal_bsp.a(altera_avalon_jtag_uart_fd.o)
 .debug_pubnames
                0x000003fd       0x55 Z:/workspace/lab5_2_bsp/\libhal_bsp.a(altera_avalon_jtag_uart_init.o)
 .debug_pubnames
                0x00000452       0x34 Z:/workspace/lab5_2_bsp/\libhal_bsp.a(altera_avalon_jtag_uart_ioctl.o)
 .debug_pubnames
                0x00000486       0x33 Z:/workspace/lab5_2_bsp/\libhal_bsp.a(altera_avalon_jtag_uart_read.o)
 .debug_pubnames
                0x000004b9       0x34 Z:/workspace/lab5_2_bsp/\libhal_bsp.a(altera_avalon_jtag_uart_write.o)
 .debug_pubnames
                0x000004ed       0x2f Z:/workspace/lab5_2_bsp/\libhal_bsp.a(altera_avalon_timer_sc.o)
 .debug_pubnames
                0x0000051c       0x26 Z:/workspace/lab5_2_bsp/\libhal_bsp.a(alt_alarm_start.o)
 .debug_pubnames
                0x00000542       0x25 Z:/workspace/lab5_2_bsp/\libhal_bsp.a(alt_busy_sleep.o)
 .debug_pubnames
                0x00000567       0x1c Z:/workspace/lab5_2_bsp/\libhal_bsp.a(alt_close.o)
 .debug_pubnames
                0x00000583       0x2b Z:/workspace/lab5_2_bsp/\libhal_bsp.a(alt_dcache_flush_all.o)
 .debug_pubnames
                0x000005ae       0x63 Z:/workspace/lab5_2_bsp/\libhal_bsp.a(alt_dev.o)
 .debug_pubnames
                0x00000611       0x2b Z:/workspace/lab5_2_bsp/\libhal_bsp.a(alt_dev_llist_insert.o)
 .debug_pubnames
                0x0000063c       0x20 Z:/workspace/lab5_2_bsp/\libhal_bsp.a(alt_do_ctors.o)
 .debug_pubnames
                0x0000065c       0x20 Z:/workspace/lab5_2_bsp/\libhal_bsp.a(alt_do_dtors.o)
 .debug_pubnames
                0x0000067c       0x20 Z:/workspace/lab5_2_bsp/\libhal_bsp.a(alt_errno.o)
 .debug_pubnames
                0x0000069c       0x2b Z:/workspace/lab5_2_bsp/\libhal_bsp.a(alt_icache_flush_all.o)
 .debug_pubnames
                0x000006c7       0x6e Z:/workspace/lab5_2_bsp/\libhal_bsp.a(alt_iic.o)
 .debug_pubnames
                0x00000735       0x2b Z:/workspace/lab5_2_bsp/\libhal_bsp.a(alt_iic_isr_register.o)
 .debug_pubnames
                0x00000760       0x26 Z:/workspace/lab5_2_bsp/\libhal_bsp.a(alt_io_redirect.o)
 .debug_pubnames
                0x00000786       0x32 Z:/workspace/lab5_2_bsp/\libhal_bsp.a(alt_irq_handler.o)
 .debug_pubnames
                0x000007b8       0x3b Z:/workspace/lab5_2_bsp/\libhal_bsp.a(alt_irq_vars.o)
 .debug_pubnames
                0x000007f3       0x1b Z:/workspace/lab5_2_bsp/\libhal_bsp.a(alt_open.o)
 .debug_pubnames
                0x0000080e       0x25 Z:/workspace/lab5_2_bsp/\libhal_bsp.a(alt_release_fd.o)
 .debug_pubnames
                0x00000833       0x68 Z:/workspace/lab5_2_bsp/\libhal_bsp.a(alt_tick.o)
 .debug_pubnames
                0x0000089b       0x2c Z:/workspace/lab5_2_bsp/\libhal_bsp.a(altera_nios2_irq.o)
 .debug_pubnames
                0x000008c7       0x23 Z:/workspace/lab5_2_bsp/\libhal_bsp.a(alt_find_dev.o)
 .debug_pubnames
                0x000008ea       0x24 Z:/workspace/lab5_2_bsp/\libhal_bsp.a(alt_find_file.o)
 .debug_pubnames
                0x0000090e       0x21 Z:/workspace/lab5_2_bsp/\libhal_bsp.a(alt_get_fd.o)
 .debug_pubnames
                0x0000092f       0x27 Z:/workspace/lab5_2_bsp/\libhal_bsp.a(alt_icache_flush.o)
 .debug_pubnames
                0x00000956       0x2a c:/altera/11.1/nios2eds/bin/gnu/h-i686-mingw32/bin/../lib/gcc/nios2-elf/4.1.2/../../../../nios2-elf/lib\libc.a(lib_a-atexit.o)
 .debug_pubnames
                0x00000980       0x1b c:/altera/11.1/nios2eds/bin/gnu/h-i686-mingw32/bin/../lib/gcc/nios2-elf/4.1.2/../../../../nios2-elf/lib\libc.a(lib_a-exit.o)
 .debug_pubnames
                0x0000099b       0x1d c:/altera/11.1/nios2eds/bin/gnu/h-i686-mingw32/bin/../lib/gcc/nios2-elf/4.1.2/../../../../nios2-elf/lib\libc.a(lib_a-memcmp.o)
 .debug_pubnames
                0x000009b8       0x1d c:/altera/11.1/nios2eds/bin/gnu/h-i686-mingw32/bin/../lib/gcc/nios2-elf/4.1.2/../../../../nios2-elf/lib\libc.a(lib_a-memcpy.o)
 .debug_pubnames
                0x000009d5       0x1d c:/altera/11.1/nios2eds/bin/gnu/h-i686-mingw32/bin/../lib/gcc/nios2-elf/4.1.2/../../../../nios2-elf/lib\libc.a(lib_a-strlen.o)
 .debug_pubnames
                0x000009f2       0x2a c:/altera/11.1/nios2eds/bin/gnu/h-i686-mingw32/bin/../lib/gcc/nios2-elf/4.1.2/../../../../nios2-elf/lib\libc.a(lib_a-__atexit.o)
 .debug_pubnames
                0x00000a1c       0x27 c:/altera/11.1/nios2eds/bin/gnu/h-i686-mingw32/bin/../lib/gcc/nios2-elf/4.1.2/../../../../nios2-elf/lib\libc.a(lib_a-__call_atexit.o)
 .debug_pubnames
                0x00000a43       0x1c Z:/workspace/lab5_2_bsp/\libhal_bsp.a(alt_exit.o)

.debug_info     0x00000000     0xe6a6
 *(.debug_info .gnu.linkonce.wi.*)
 .debug_info    0x00000000       0x49 Z:/workspace/lab5_2_bsp//obj/HAL/src/crt0.o
 .debug_info    0x00000049      0x2df obj/default/lab5_2.o
 .debug_info    0x00000328      0x21c c:/altera/11.1/nios2eds/bin/gnu/h-i686-mingw32/bin/../lib/gcc/nios2-elf/4.1.2\libgcc.a(lib2-divmod.o)
 .debug_info    0x00000544      0x954 c:/altera/11.1/nios2eds/bin/gnu/h-i686-mingw32/bin/../lib/gcc/nios2-elf/4.1.2/../../../../nios2-elf/lib\libc.a(lib_a-calloc.o)
 .debug_info    0x00000e98      0xa1b c:/altera/11.1/nios2eds/bin/gnu/h-i686-mingw32/bin/../lib/gcc/nios2-elf/4.1.2/../../../../nios2-elf/lib\libc.a(lib_a-callocr.o)
 .debug_info    0x000018b3      0x93d c:/altera/11.1/nios2eds/bin/gnu/h-i686-mingw32/bin/../lib/gcc/nios2-elf/4.1.2/../../../../nios2-elf/lib\libc.a(lib_a-impure.o)
 .debug_info    0x000021f0      0xcd0 c:/altera/11.1/nios2eds/bin/gnu/h-i686-mingw32/bin/../lib/gcc/nios2-elf/4.1.2/../../../../nios2-elf/lib\libc.a(lib_a-mallocr.o)
 .debug_info    0x00002ec0      0x113 c:/altera/11.1/nios2eds/bin/gnu/h-i686-mingw32/bin/../lib/gcc/nios2-elf/4.1.2/../../../../nios2-elf/lib\libc.a(lib_a-memset.o)
 .debug_info    0x00002fd3      0x962 c:/altera/11.1/nios2eds/bin/gnu/h-i686-mingw32/bin/../lib/gcc/nios2-elf/4.1.2/../../../../nios2-elf/lib\libc.a(lib_a-sbrkr.o)
 .debug_info    0x00003935      0xbc9 c:/altera/11.1/nios2eds/bin/gnu/h-i686-mingw32/bin/../lib/gcc/nios2-elf/4.1.2/../../../../nios2-elf/lib\libc.a(lib_a-freer.o)
 .debug_info    0x000044fe       0x8c c:/altera/11.1/nios2eds/bin/gnu/h-i686-mingw32/bin/../lib/gcc/nios2-elf/4.1.2/../../../../nios2-elf/lib\libc.a(lib_a-int_errno.o)
 .debug_info    0x0000458a      0x25b Z:/workspace/lab5_2_bsp/\libhal_bsp.a(alt_load.o)
 .debug_info    0x000047e5      0x1f3 Z:/workspace/lab5_2_bsp/\libhal_bsp.a(alt_main.o)
 .debug_info    0x000049d8      0xbe6 Z:/workspace/lab5_2_bsp/\libhal_bsp.a(alt_malloc_lock.o)
 .debug_info    0x000055be      0x285 Z:/workspace/lab5_2_bsp/\libhal_bsp.a(alt_sbrk.o)
 .debug_info    0x00005843      0x136 Z:/workspace/lab5_2_bsp/\libhal_bsp.a(alt_usleep.o)
 .debug_info    0x00005979      0x6ee Z:/workspace/lab5_2_bsp/\libhal_bsp.a(alt_sys_init.o)
 .debug_info    0x00006067      0x7a7 Z:/workspace/lab5_2_bsp/\libhal_bsp.a(altera_avalon_jtag_uart_fd.o)
 .debug_info    0x0000680e      0x5cf Z:/workspace/lab5_2_bsp/\libhal_bsp.a(altera_avalon_jtag_uart_init.o)
 .debug_info    0x00006ddd      0x411 Z:/workspace/lab5_2_bsp/\libhal_bsp.a(altera_avalon_jtag_uart_ioctl.o)
 .debug_info    0x000071ee      0x514 Z:/workspace/lab5_2_bsp/\libhal_bsp.a(altera_avalon_jtag_uart_read.o)
 .debug_info    0x00007702      0x50c Z:/workspace/lab5_2_bsp/\libhal_bsp.a(altera_avalon_jtag_uart_write.o)
 .debug_info    0x00007c0e      0x359 Z:/workspace/lab5_2_bsp/\libhal_bsp.a(altera_avalon_timer_sc.o)
 .debug_info    0x00007f67      0x410 Z:/workspace/lab5_2_bsp/\libhal_bsp.a(alt_alarm_start.o)
 .debug_info    0x00008377      0x179 Z:/workspace/lab5_2_bsp/\libhal_bsp.a(alt_busy_sleep.o)
 .debug_info    0x000084f0      0x435 Z:/workspace/lab5_2_bsp/\libhal_bsp.a(alt_close.o)
 .debug_info    0x00008925      0x12a Z:/workspace/lab5_2_bsp/\libhal_bsp.a(alt_dcache_flush_all.o)
 .debug_info    0x00008a4f      0x64d Z:/workspace/lab5_2_bsp/\libhal_bsp.a(alt_dev.o)
 .debug_info    0x0000909c      0x285 Z:/workspace/lab5_2_bsp/\libhal_bsp.a(alt_dev_llist_insert.o)
 .debug_info    0x00009321       0xdd Z:/workspace/lab5_2_bsp/\libhal_bsp.a(alt_do_ctors.o)
 .debug_info    0x000093fe       0xdc Z:/workspace/lab5_2_bsp/\libhal_bsp.a(alt_do_dtors.o)
 .debug_info    0x000094da      0x132 Z:/workspace/lab5_2_bsp/\libhal_bsp.a(alt_errno.o)
 .debug_info    0x0000960c      0x12a Z:/workspace/lab5_2_bsp/\libhal_bsp.a(alt_icache_flush_all.o)
 .debug_info    0x00009736      0x461 Z:/workspace/lab5_2_bsp/\libhal_bsp.a(alt_iic.o)
 .debug_info    0x00009b97      0x2e2 Z:/workspace/lab5_2_bsp/\libhal_bsp.a(alt_iic_isr_register.o)
 .debug_info    0x00009e79      0x663 Z:/workspace/lab5_2_bsp/\libhal_bsp.a(alt_io_redirect.o)
 .debug_info    0x0000a4dc       0x52 Z:/workspace/lab5_2_bsp/\libhal_bsp.a(alt_irq_entry.o)
 .debug_info    0x0000a52e      0x243 Z:/workspace/lab5_2_bsp/\libhal_bsp.a(alt_irq_handler.o)
 .debug_info    0x0000a771      0x135 Z:/workspace/lab5_2_bsp/\libhal_bsp.a(alt_irq_vars.o)
 .debug_info    0x0000a8a6      0x4f3 Z:/workspace/lab5_2_bsp/\libhal_bsp.a(alt_open.o)
 .debug_info    0x0000ad99      0x3c0 Z:/workspace/lab5_2_bsp/\libhal_bsp.a(alt_release_fd.o)
 .debug_info    0x0000b159      0x3cc Z:/workspace/lab5_2_bsp/\libhal_bsp.a(alt_tick.o)
 .debug_info    0x0000b525      0x127 Z:/workspace/lab5_2_bsp/\libhal_bsp.a(altera_nios2_irq.o)
 .debug_info    0x0000b64c       0x58 Z:/workspace/lab5_2_bsp/\libhal_bsp.a(alt_exception_entry.o)
 .debug_info    0x0000b6a4      0x3e6 Z:/workspace/lab5_2_bsp/\libhal_bsp.a(alt_find_dev.o)
 .debug_info    0x0000ba8a      0x3ed Z:/workspace/lab5_2_bsp/\libhal_bsp.a(alt_find_file.o)
 .debug_info    0x0000be77      0x42e Z:/workspace/lab5_2_bsp/\libhal_bsp.a(alt_get_fd.o)
 .debug_info    0x0000c2a5      0x172 Z:/workspace/lab5_2_bsp/\libhal_bsp.a(alt_icache_flush.o)
 .debug_info    0x0000c417      0x181 c:/altera/11.1/nios2eds/bin/gnu/h-i686-mingw32/bin/../lib/gcc/nios2-elf/4.1.2/../../../../nios2-elf/lib\libc.a(lib_a-atexit.o)
 .debug_info    0x0000c598      0x93f c:/altera/11.1/nios2eds/bin/gnu/h-i686-mingw32/bin/../lib/gcc/nios2-elf/4.1.2/../../../../nios2-elf/lib\libc.a(lib_a-exit.o)
 .debug_info    0x0000ced7      0x115 c:/altera/11.1/nios2eds/bin/gnu/h-i686-mingw32/bin/../lib/gcc/nios2-elf/4.1.2/../../../../nios2-elf/lib\libc.a(lib_a-memcmp.o)
 .debug_info    0x0000cfec      0x106 c:/altera/11.1/nios2eds/bin/gnu/h-i686-mingw32/bin/../lib/gcc/nios2-elf/4.1.2/../../../../nios2-elf/lib\libc.a(lib_a-memcpy.o)
 .debug_info    0x0000d0f2       0xdb c:/altera/11.1/nios2eds/bin/gnu/h-i686-mingw32/bin/../lib/gcc/nios2-elf/4.1.2/../../../../nios2-elf/lib\libc.a(lib_a-strlen.o)
 .debug_info    0x0000d1cd      0x99c c:/altera/11.1/nios2eds/bin/gnu/h-i686-mingw32/bin/../lib/gcc/nios2-elf/4.1.2/../../../../nios2-elf/lib\libc.a(lib_a-__atexit.o)
 .debug_info    0x0000db69      0x9e2 c:/altera/11.1/nios2eds/bin/gnu/h-i686-mingw32/bin/../lib/gcc/nios2-elf/4.1.2/../../../../nios2-elf/lib\libc.a(lib_a-__call_atexit.o)
 .debug_info    0x0000e54b      0x15b Z:/workspace/lab5_2_bsp/\libhal_bsp.a(alt_exit.o)

.debug_abbrev   0x00000000     0x334c
 *(.debug_abbrev)
 .debug_abbrev  0x00000000       0x12 Z:/workspace/lab5_2_bsp//obj/HAL/src/crt0.o
 .debug_abbrev  0x00000012       0x9a obj/default/lab5_2.o
 .debug_abbrev  0x000000ac       0xe0 c:/altera/11.1/nios2eds/bin/gnu/h-i686-mingw32/bin/../lib/gcc/nios2-elf/4.1.2\libgcc.a(lib2-divmod.o)
 .debug_abbrev  0x0000018c      0x17f c:/altera/11.1/nios2eds/bin/gnu/h-i686-mingw32/bin/../lib/gcc/nios2-elf/4.1.2/../../../../nios2-elf/lib\libc.a(lib_a-calloc.o)
 .debug_abbrev  0x0000030b      0x1b8 c:/altera/11.1/nios2eds/bin/gnu/h-i686-mingw32/bin/../lib/gcc/nios2-elf/4.1.2/../../../../nios2-elf/lib\libc.a(lib_a-callocr.o)
 .debug_abbrev  0x000004c3      0x157 c:/altera/11.1/nios2eds/bin/gnu/h-i686-mingw32/bin/../lib/gcc/nios2-elf/4.1.2/../../../../nios2-elf/lib\libc.a(lib_a-impure.o)
 .debug_abbrev  0x0000061a      0x216 c:/altera/11.1/nios2eds/bin/gnu/h-i686-mingw32/bin/../lib/gcc/nios2-elf/4.1.2/../../../../nios2-elf/lib\libc.a(lib_a-mallocr.o)
 .debug_abbrev  0x00000830       0xb8 c:/altera/11.1/nios2eds/bin/gnu/h-i686-mingw32/bin/../lib/gcc/nios2-elf/4.1.2/../../../../nios2-elf/lib\libc.a(lib_a-memset.o)
 .debug_abbrev  0x000008e8      0x18c c:/altera/11.1/nios2eds/bin/gnu/h-i686-mingw32/bin/../lib/gcc/nios2-elf/4.1.2/../../../../nios2-elf/lib\libc.a(lib_a-sbrkr.o)
 .debug_abbrev  0x00000a74      0x1d9 c:/altera/11.1/nios2eds/bin/gnu/h-i686-mingw32/bin/../lib/gcc/nios2-elf/4.1.2/../../../../nios2-elf/lib\libc.a(lib_a-freer.o)
 .debug_abbrev  0x00000c4d       0x3b c:/altera/11.1/nios2eds/bin/gnu/h-i686-mingw32/bin/../lib/gcc/nios2-elf/4.1.2/../../../../nios2-elf/lib\libc.a(lib_a-int_errno.o)
 .debug_abbrev  0x00000c88       0x88 Z:/workspace/lab5_2_bsp/\libhal_bsp.a(alt_load.o)
 .debug_abbrev  0x00000d10       0xb7 Z:/workspace/lab5_2_bsp/\libhal_bsp.a(alt_main.o)
 .debug_abbrev  0x00000dc7      0x181 Z:/workspace/lab5_2_bsp/\libhal_bsp.a(alt_malloc_lock.o)
 .debug_abbrev  0x00000f48      0x115 Z:/workspace/lab5_2_bsp/\libhal_bsp.a(alt_sbrk.o)
 .debug_abbrev  0x0000105d       0x5d Z:/workspace/lab5_2_bsp/\libhal_bsp.a(alt_usleep.o)
 .debug_abbrev  0x000010ba      0x142 Z:/workspace/lab5_2_bsp/\libhal_bsp.a(alt_sys_init.o)
 .debug_abbrev  0x000011fc       0xf7 Z:/workspace/lab5_2_bsp/\libhal_bsp.a(altera_avalon_jtag_uart_fd.o)
 .debug_abbrev  0x000012f3      0x17c Z:/workspace/lab5_2_bsp/\libhal_bsp.a(altera_avalon_jtag_uart_init.o)
 .debug_abbrev  0x0000146f       0xf0 Z:/workspace/lab5_2_bsp/\libhal_bsp.a(altera_avalon_jtag_uart_ioctl.o)
 .debug_abbrev  0x0000155f      0x191 Z:/workspace/lab5_2_bsp/\libhal_bsp.a(altera_avalon_jtag_uart_read.o)
 .debug_abbrev  0x000016f0      0x18d Z:/workspace/lab5_2_bsp/\libhal_bsp.a(altera_avalon_jtag_uart_write.o)
 .debug_abbrev  0x0000187d      0x137 Z:/workspace/lab5_2_bsp/\libhal_bsp.a(altera_avalon_timer_sc.o)
 .debug_abbrev  0x000019b4      0x172 Z:/workspace/lab5_2_bsp/\libhal_bsp.a(alt_alarm_start.o)
 .debug_abbrev  0x00001b26       0x6c Z:/workspace/lab5_2_bsp/\libhal_bsp.a(alt_busy_sleep.o)
 .debug_abbrev  0x00001b92       0xfb Z:/workspace/lab5_2_bsp/\libhal_bsp.a(alt_close.o)
 .debug_abbrev  0x00001c8d       0x3f Z:/workspace/lab5_2_bsp/\libhal_bsp.a(alt_dcache_flush_all.o)
 .debug_abbrev  0x00001ccc       0xc7 Z:/workspace/lab5_2_bsp/\libhal_bsp.a(alt_dev.o)
 .debug_abbrev  0x00001d93       0xf6 Z:/workspace/lab5_2_bsp/\libhal_bsp.a(alt_dev_llist_insert.o)
 .debug_abbrev  0x00001e89       0x76 Z:/workspace/lab5_2_bsp/\libhal_bsp.a(alt_do_ctors.o)
 .debug_abbrev  0x00001eff       0x76 Z:/workspace/lab5_2_bsp/\libhal_bsp.a(alt_do_dtors.o)
 .debug_abbrev  0x00001f75       0x5e Z:/workspace/lab5_2_bsp/\libhal_bsp.a(alt_errno.o)
 .debug_abbrev  0x00001fd3       0x3f Z:/workspace/lab5_2_bsp/\libhal_bsp.a(alt_icache_flush_all.o)
 .debug_abbrev  0x00002012      0x134 Z:/workspace/lab5_2_bsp/\libhal_bsp.a(alt_iic.o)
 .debug_abbrev  0x00002146      0x14e Z:/workspace/lab5_2_bsp/\libhal_bsp.a(alt_iic_isr_register.o)
 .debug_abbrev  0x00002294       0xf0 Z:/workspace/lab5_2_bsp/\libhal_bsp.a(alt_io_redirect.o)
 .debug_abbrev  0x00002384       0x12 Z:/workspace/lab5_2_bsp/\libhal_bsp.a(alt_irq_entry.o)
 .debug_abbrev  0x00002396      0x10c Z:/workspace/lab5_2_bsp/\libhal_bsp.a(alt_irq_handler.o)
 .debug_abbrev  0x000024a2       0x44 Z:/workspace/lab5_2_bsp/\libhal_bsp.a(alt_irq_vars.o)
 .debug_abbrev  0x000024e6      0x112 Z:/workspace/lab5_2_bsp/\libhal_bsp.a(alt_open.o)
 .debug_abbrev  0x000025f8       0xc1 Z:/workspace/lab5_2_bsp/\libhal_bsp.a(alt_release_fd.o)
 .debug_abbrev  0x000026b9      0x150 Z:/workspace/lab5_2_bsp/\libhal_bsp.a(alt_tick.o)
 .debug_abbrev  0x00002809       0x3f Z:/workspace/lab5_2_bsp/\libhal_bsp.a(altera_nios2_irq.o)
 .debug_abbrev  0x00002848       0x12 Z:/workspace/lab5_2_bsp/\libhal_bsp.a(alt_exception_entry.o)
 .debug_abbrev  0x0000285a       0xcf Z:/workspace/lab5_2_bsp/\libhal_bsp.a(alt_find_dev.o)
 .debug_abbrev  0x00002929       0xcf Z:/workspace/lab5_2_bsp/\libhal_bsp.a(alt_find_file.o)
 .debug_abbrev  0x000029f8       0xfb Z:/workspace/lab5_2_bsp/\libhal_bsp.a(alt_get_fd.o)
 .debug_abbrev  0x00002af3       0x7a Z:/workspace/lab5_2_bsp/\libhal_bsp.a(alt_icache_flush.o)
 .debug_abbrev  0x00002b6d       0xb7 c:/altera/11.1/nios2eds/bin/gnu/h-i686-mingw32/bin/../lib/gcc/nios2-elf/4.1.2/../../../../nios2-elf/lib\libc.a(lib_a-atexit.o)
 .debug_abbrev  0x00002c24      0x16e c:/altera/11.1/nios2eds/bin/gnu/h-i686-mingw32/bin/../lib/gcc/nios2-elf/4.1.2/../../../../nios2-elf/lib\libc.a(lib_a-exit.o)
 .debug_abbrev  0x00002d92       0x7c c:/altera/11.1/nios2eds/bin/gnu/h-i686-mingw32/bin/../lib/gcc/nios2-elf/4.1.2/../../../../nios2-elf/lib\libc.a(lib_a-memcmp.o)
 .debug_abbrev  0x00002e0e       0xb5 c:/altera/11.1/nios2eds/bin/gnu/h-i686-mingw32/bin/../lib/gcc/nios2-elf/4.1.2/../../../../nios2-elf/lib\libc.a(lib_a-memcpy.o)
 .debug_abbrev  0x00002ec3       0x8b c:/altera/11.1/nios2eds/bin/gnu/h-i686-mingw32/bin/../lib/gcc/nios2-elf/4.1.2/../../../../nios2-elf/lib\libc.a(lib_a-strlen.o)
 .debug_abbrev  0x00002f4e      0x1ae c:/altera/11.1/nios2eds/bin/gnu/h-i686-mingw32/bin/../lib/gcc/nios2-elf/4.1.2/../../../../nios2-elf/lib\libc.a(lib_a-__atexit.o)
 .debug_abbrev  0x000030fc      0x1de c:/altera/11.1/nios2eds/bin/gnu/h-i686-mingw32/bin/../lib/gcc/nios2-elf/4.1.2/../../../../nios2-elf/lib\libc.a(lib_a-__call_atexit.o)
 .debug_abbrev  0x000032da       0x72 Z:/workspace/lab5_2_bsp/\libhal_bsp.a(alt_exit.o)

.debug_line     0x00000000     0x8796
 *(.debug_line)
 .debug_line    0x00000000       0x6c Z:/workspace/lab5_2_bsp//obj/HAL/src/crt0.o
 .debug_line    0x0000006c      0x3b4 obj/default/lab5_2.o
 .debug_line    0x00000420      0x24f c:/altera/11.1/nios2eds/bin/gnu/h-i686-mingw32/bin/../lib/gcc/nios2-elf/4.1.2\libgcc.a(lib2-divmod.o)
 .debug_line    0x0000066f      0x206 c:/altera/11.1/nios2eds/bin/gnu/h-i686-mingw32/bin/../lib/gcc/nios2-elf/4.1.2/../../../../nios2-elf/lib\libc.a(lib_a-calloc.o)
 .debug_line    0x00000875      0x256 c:/altera/11.1/nios2eds/bin/gnu/h-i686-mingw32/bin/../lib/gcc/nios2-elf/4.1.2/../../../../nios2-elf/lib\libc.a(lib_a-callocr.o)
 .debug_line    0x00000acb      0x224 c:/altera/11.1/nios2eds/bin/gnu/h-i686-mingw32/bin/../lib/gcc/nios2-elf/4.1.2/../../../../nios2-elf/lib\libc.a(lib_a-impure.o)
 .debug_line    0x00000cef      0x804 c:/altera/11.1/nios2eds/bin/gnu/h-i686-mingw32/bin/../lib/gcc/nios2-elf/4.1.2/../../../../nios2-elf/lib\libc.a(lib_a-mallocr.o)
 .debug_line    0x000014f3      0x2f8 c:/altera/11.1/nios2eds/bin/gnu/h-i686-mingw32/bin/../lib/gcc/nios2-elf/4.1.2/../../../../nios2-elf/lib\libc.a(lib_a-memset.o)
 .debug_line    0x000017eb      0x290 c:/altera/11.1/nios2eds/bin/gnu/h-i686-mingw32/bin/../lib/gcc/nios2-elf/4.1.2/../../../../nios2-elf/lib\libc.a(lib_a-sbrkr.o)
 .debug_line    0x00001a7b      0x5e5 c:/altera/11.1/nios2eds/bin/gnu/h-i686-mingw32/bin/../lib/gcc/nios2-elf/4.1.2/../../../../nios2-elf/lib\libc.a(lib_a-freer.o)
 .debug_line    0x00002060      0x1d9 c:/altera/11.1/nios2eds/bin/gnu/h-i686-mingw32/bin/../lib/gcc/nios2-elf/4.1.2/../../../../nios2-elf/lib\libc.a(lib_a-int_errno.o)
 .debug_line    0x00002239      0x211 Z:/workspace/lab5_2_bsp/\libhal_bsp.a(alt_load.o)
 .debug_line    0x0000244a      0x2c4 Z:/workspace/lab5_2_bsp/\libhal_bsp.a(alt_main.o)
 .debug_line    0x0000270e      0x206 Z:/workspace/lab5_2_bsp/\libhal_bsp.a(alt_malloc_lock.o)
 .debug_line    0x00002914      0x25b Z:/workspace/lab5_2_bsp/\libhal_bsp.a(alt_sbrk.o)
 .debug_line    0x00002b6f      0x1f9 Z:/workspace/lab5_2_bsp/\libhal_bsp.a(alt_usleep.o)
 .debug_line    0x00002d68      0x2c1 Z:/workspace/lab5_2_bsp/\libhal_bsp.a(alt_sys_init.o)
 .debug_line    0x00003029      0x214 Z:/workspace/lab5_2_bsp/\libhal_bsp.a(altera_avalon_jtag_uart_fd.o)
 .debug_line    0x0000323d      0x4a5 Z:/workspace/lab5_2_bsp/\libhal_bsp.a(altera_avalon_jtag_uart_init.o)
 .debug_line    0x000036e2      0x311 Z:/workspace/lab5_2_bsp/\libhal_bsp.a(altera_avalon_jtag_uart_ioctl.o)
 .debug_line    0x000039f3      0x3f1 Z:/workspace/lab5_2_bsp/\libhal_bsp.a(altera_avalon_jtag_uart_read.o)
 .debug_line    0x00003de4      0x3ff Z:/workspace/lab5_2_bsp/\libhal_bsp.a(altera_avalon_jtag_uart_write.o)
 .debug_line    0x000041e3      0x2ad Z:/workspace/lab5_2_bsp/\libhal_bsp.a(altera_avalon_timer_sc.o)
 .debug_line    0x00004490      0x2d6 Z:/workspace/lab5_2_bsp/\libhal_bsp.a(alt_alarm_start.o)
 .debug_line    0x00004766      0x253 Z:/workspace/lab5_2_bsp/\libhal_bsp.a(alt_busy_sleep.o)
 .debug_line    0x000049b9      0x293 Z:/workspace/lab5_2_bsp/\libhal_bsp.a(alt_close.o)
 .debug_line    0x00004c4c      0x1af Z:/workspace/lab5_2_bsp/\libhal_bsp.a(alt_dcache_flush_all.o)
 .debug_line    0x00004dfb      0x24e Z:/workspace/lab5_2_bsp/\libhal_bsp.a(alt_dev.o)
 .debug_line    0x00005049      0x254 Z:/workspace/lab5_2_bsp/\libhal_bsp.a(alt_dev_llist_insert.o)
 .debug_line    0x0000529d       0x83 Z:/workspace/lab5_2_bsp/\libhal_bsp.a(alt_do_ctors.o)
 .debug_line    0x00005320       0x83 Z:/workspace/lab5_2_bsp/\libhal_bsp.a(alt_do_dtors.o)
 .debug_line    0x000053a3      0x1a4 Z:/workspace/lab5_2_bsp/\libhal_bsp.a(alt_errno.o)
 .debug_line    0x00005547      0x1b7 Z:/workspace/lab5_2_bsp/\libhal_bsp.a(alt_icache_flush_all.o)
 .debug_line    0x000056fe      0x2c2 Z:/workspace/lab5_2_bsp/\libhal_bsp.a(alt_iic.o)
 .debug_line    0x000059c0      0x243 Z:/workspace/lab5_2_bsp/\libhal_bsp.a(alt_iic_isr_register.o)
 .debug_line    0x00005c03      0x2ae Z:/workspace/lab5_2_bsp/\libhal_bsp.a(alt_io_redirect.o)
 .debug_line    0x00005eb1       0x6b Z:/workspace/lab5_2_bsp/\libhal_bsp.a(alt_irq_entry.o)
 .debug_line    0x00005f1c      0x242 Z:/workspace/lab5_2_bsp/\libhal_bsp.a(alt_irq_handler.o)
 .debug_line    0x0000615e       0x72 Z:/workspace/lab5_2_bsp/\libhal_bsp.a(alt_irq_vars.o)
 .debug_line    0x000061d0      0x2f9 Z:/workspace/lab5_2_bsp/\libhal_bsp.a(alt_open.o)
 .debug_line    0x000064c9       0xed Z:/workspace/lab5_2_bsp/\libhal_bsp.a(alt_release_fd.o)
 .debug_line    0x000065b6      0x2d6 Z:/workspace/lab5_2_bsp/\libhal_bsp.a(alt_tick.o)
 .debug_line    0x0000688c      0x1c3 Z:/workspace/lab5_2_bsp/\libhal_bsp.a(altera_nios2_irq.o)
 .debug_line    0x00006a4f       0xab Z:/workspace/lab5_2_bsp/\libhal_bsp.a(alt_exception_entry.o)
 .debug_line    0x00006afa      0x265 Z:/workspace/lab5_2_bsp/\libhal_bsp.a(alt_find_dev.o)
 .debug_line    0x00006d5f      0x276 Z:/workspace/lab5_2_bsp/\libhal_bsp.a(alt_find_file.o)
 .debug_line    0x00006fd5      0x291 Z:/workspace/lab5_2_bsp/\libhal_bsp.a(alt_get_fd.o)
 .debug_line    0x00007266      0x1f3 Z:/workspace/lab5_2_bsp/\libhal_bsp.a(alt_icache_flush.o)
 .debug_line    0x00007459      0x1fa c:/altera/11.1/nios2eds/bin/gnu/h-i686-mingw32/bin/../lib/gcc/nios2-elf/4.1.2/../../../../nios2-elf/lib\libc.a(lib_a-atexit.o)
 .debug_line    0x00007653      0x232 c:/altera/11.1/nios2eds/bin/gnu/h-i686-mingw32/bin/../lib/gcc/nios2-elf/4.1.2/../../../../nios2-elf/lib\libc.a(lib_a-exit.o)
 .debug_line    0x00007885      0x296 c:/altera/11.1/nios2eds/bin/gnu/h-i686-mingw32/bin/../lib/gcc/nios2-elf/4.1.2/../../../../nios2-elf/lib\libc.a(lib_a-memcmp.o)
 .debug_line    0x00007b1b      0x1a9 c:/altera/11.1/nios2eds/bin/gnu/h-i686-mingw32/bin/../lib/gcc/nios2-elf/4.1.2/../../../../nios2-elf/lib\libc.a(lib_a-memcpy.o)
 .debug_line    0x00007cc4      0x264 c:/altera/11.1/nios2eds/bin/gnu/h-i686-mingw32/bin/../lib/gcc/nios2-elf/4.1.2/../../../../nios2-elf/lib\libc.a(lib_a-strlen.o)
 .debug_line    0x00007f28      0x30d c:/altera/11.1/nios2eds/bin/gnu/h-i686-mingw32/bin/../lib/gcc/nios2-elf/4.1.2/../../../../nios2-elf/lib\libc.a(lib_a-__atexit.o)
 .debug_line    0x00008235      0x361 c:/altera/11.1/nios2eds/bin/gnu/h-i686-mingw32/bin/../lib/gcc/nios2-elf/4.1.2/../../../../nios2-elf/lib\libc.a(lib_a-__call_atexit.o)
 .debug_line    0x00008596      0x200 Z:/workspace/lab5_2_bsp/\libhal_bsp.a(alt_exit.o)

.debug_frame    0x00000000      0xb3c
 *(.debug_frame)
 .debug_frame   0x00000000       0x68 obj/default/lab5_2.o
 .debug_frame   0x00000068       0x70 c:/altera/11.1/nios2eds/bin/gnu/h-i686-mingw32/bin/../lib/gcc/nios2-elf/4.1.2\libgcc.a(lib2-divmod.o)
 .debug_frame   0x000000d8       0x20 c:/altera/11.1/nios2eds/bin/gnu/h-i686-mingw32/bin/../lib/gcc/nios2-elf/4.1.2/../../../../nios2-elf/lib\libc.a(lib_a-calloc.o)
 .debug_frame   0x000000f8       0x28 c:/altera/11.1/nios2eds/bin/gnu/h-i686-mingw32/bin/../lib/gcc/nios2-elf/4.1.2/../../../../nios2-elf/lib\libc.a(lib_a-callocr.o)
 .debug_frame   0x00000120       0x38 c:/altera/11.1/nios2eds/bin/gnu/h-i686-mingw32/bin/../lib/gcc/nios2-elf/4.1.2/../../../../nios2-elf/lib\libc.a(lib_a-mallocr.o)
 .debug_frame   0x00000158       0x20 c:/altera/11.1/nios2eds/bin/gnu/h-i686-mingw32/bin/../lib/gcc/nios2-elf/4.1.2/../../../../nios2-elf/lib\libc.a(lib_a-memset.o)
 .debug_frame   0x00000178       0x2c c:/altera/11.1/nios2eds/bin/gnu/h-i686-mingw32/bin/../lib/gcc/nios2-elf/4.1.2/../../../../nios2-elf/lib\libc.a(lib_a-sbrkr.o)
 .debug_frame   0x000001a4       0x4c c:/altera/11.1/nios2eds/bin/gnu/h-i686-mingw32/bin/../lib/gcc/nios2-elf/4.1.2/../../../../nios2-elf/lib\libc.a(lib_a-freer.o)
 .debug_frame   0x000001f0       0x48 Z:/workspace/lab5_2_bsp/\libhal_bsp.a(alt_load.o)
 .debug_frame   0x00000238       0x2c Z:/workspace/lab5_2_bsp/\libhal_bsp.a(alt_main.o)
 .debug_frame   0x00000264       0x48 Z:/workspace/lab5_2_bsp/\libhal_bsp.a(alt_malloc_lock.o)
 .debug_frame   0x000002ac       0x2c Z:/workspace/lab5_2_bsp/\libhal_bsp.a(alt_sbrk.o)
 .debug_frame   0x000002d8       0x2c Z:/workspace/lab5_2_bsp/\libhal_bsp.a(alt_usleep.o)
 .debug_frame   0x00000304       0x64 Z:/workspace/lab5_2_bsp/\libhal_bsp.a(alt_sys_init.o)
 .debug_frame   0x00000368       0x80 Z:/workspace/lab5_2_bsp/\libhal_bsp.a(altera_avalon_jtag_uart_fd.o)
 .debug_frame   0x000003e8       0x80 Z:/workspace/lab5_2_bsp/\libhal_bsp.a(altera_avalon_jtag_uart_init.o)
 .debug_frame   0x00000468       0x2c Z:/workspace/lab5_2_bsp/\libhal_bsp.a(altera_avalon_jtag_uart_ioctl.o)
 .debug_frame   0x00000494       0x2c Z:/workspace/lab5_2_bsp/\libhal_bsp.a(altera_avalon_jtag_uart_read.o)
 .debug_frame   0x000004c0       0x2c Z:/workspace/lab5_2_bsp/\libhal_bsp.a(altera_avalon_jtag_uart_write.o)
 .debug_frame   0x000004ec       0x48 Z:/workspace/lab5_2_bsp/\libhal_bsp.a(altera_avalon_timer_sc.o)
 .debug_frame   0x00000534       0x2c Z:/workspace/lab5_2_bsp/\libhal_bsp.a(alt_alarm_start.o)
 .debug_frame   0x00000560       0x2c Z:/workspace/lab5_2_bsp/\libhal_bsp.a(alt_busy_sleep.o)
 .debug_frame   0x0000058c       0x48 Z:/workspace/lab5_2_bsp/\libhal_bsp.a(alt_close.o)
 .debug_frame   0x000005d4       0x2c Z:/workspace/lab5_2_bsp/\libhal_bsp.a(alt_dcache_flush_all.o)
 .debug_frame   0x00000600       0x2c Z:/workspace/lab5_2_bsp/\libhal_bsp.a(alt_dev.o)
 .debug_frame   0x0000062c       0x48 Z:/workspace/lab5_2_bsp/\libhal_bsp.a(alt_dev_llist_insert.o)
 .debug_frame   0x00000674       0x2c Z:/workspace/lab5_2_bsp/\libhal_bsp.a(alt_do_ctors.o)
 .debug_frame   0x000006a0       0x2c Z:/workspace/lab5_2_bsp/\libhal_bsp.a(alt_do_dtors.o)
 .debug_frame   0x000006cc       0x2c Z:/workspace/lab5_2_bsp/\libhal_bsp.a(alt_icache_flush_all.o)
 .debug_frame   0x000006f8       0x80 Z:/workspace/lab5_2_bsp/\libhal_bsp.a(alt_iic.o)
 .debug_frame   0x00000778       0x2c Z:/workspace/lab5_2_bsp/\libhal_bsp.a(alt_iic_isr_register.o)
 .debug_frame   0x000007a4       0x48 Z:/workspace/lab5_2_bsp/\libhal_bsp.a(alt_io_redirect.o)
 .debug_frame   0x000007ec       0x2c Z:/workspace/lab5_2_bsp/\libhal_bsp.a(alt_irq_handler.o)
 .debug_frame   0x00000818       0x64 Z:/workspace/lab5_2_bsp/\libhal_bsp.a(alt_open.o)
 .debug_frame   0x0000087c       0x2c Z:/workspace/lab5_2_bsp/\libhal_bsp.a(alt_release_fd.o)
 .debug_frame   0x000008a8       0x48 Z:/workspace/lab5_2_bsp/\libhal_bsp.a(alt_tick.o)
 .debug_frame   0x000008f0       0x2c Z:/workspace/lab5_2_bsp/\libhal_bsp.a(altera_nios2_irq.o)
 .debug_frame   0x0000091c       0x2c Z:/workspace/lab5_2_bsp/\libhal_bsp.a(alt_find_dev.o)
 .debug_frame   0x00000948       0x2c Z:/workspace/lab5_2_bsp/\libhal_bsp.a(alt_find_file.o)
 .debug_frame   0x00000974       0x2c Z:/workspace/lab5_2_bsp/\libhal_bsp.a(alt_get_fd.o)
 .debug_frame   0x000009a0       0x2c Z:/workspace/lab5_2_bsp/\libhal_bsp.a(alt_icache_flush.o)
 .debug_frame   0x000009cc       0x20 c:/altera/11.1/nios2eds/bin/gnu/h-i686-mingw32/bin/../lib/gcc/nios2-elf/4.1.2/../../../../nios2-elf/lib\libc.a(lib_a-atexit.o)
 .debug_frame   0x000009ec       0x28 c:/altera/11.1/nios2eds/bin/gnu/h-i686-mingw32/bin/../lib/gcc/nios2-elf/4.1.2/../../../../nios2-elf/lib\libc.a(lib_a-exit.o)
 .debug_frame   0x00000a14       0x20 c:/altera/11.1/nios2eds/bin/gnu/h-i686-mingw32/bin/../lib/gcc/nios2-elf/4.1.2/../../../../nios2-elf/lib\libc.a(lib_a-memcmp.o)
 .debug_frame   0x00000a34       0x20 c:/altera/11.1/nios2eds/bin/gnu/h-i686-mingw32/bin/../lib/gcc/nios2-elf/4.1.2/../../../../nios2-elf/lib\libc.a(lib_a-memcpy.o)
 .debug_frame   0x00000a54       0x20 c:/altera/11.1/nios2eds/bin/gnu/h-i686-mingw32/bin/../lib/gcc/nios2-elf/4.1.2/../../../../nios2-elf/lib\libc.a(lib_a-strlen.o)
 .debug_frame   0x00000a74       0x34 c:/altera/11.1/nios2eds/bin/gnu/h-i686-mingw32/bin/../lib/gcc/nios2-elf/4.1.2/../../../../nios2-elf/lib\libc.a(lib_a-__atexit.o)
 .debug_frame   0x00000aa8       0x4c c:/altera/11.1/nios2eds/bin/gnu/h-i686-mingw32/bin/../lib/gcc/nios2-elf/4.1.2/../../../../nios2-elf/lib\libc.a(lib_a-__call_atexit.o)
 .debug_frame   0x00000af4       0x48 Z:/workspace/lab5_2_bsp/\libhal_bsp.a(alt_exit.o)

.debug_str      0x00000000      0xf46
 *(.debug_str)
 .debug_str     0x00000000       0x12 obj/default/lab5_2.o
 .debug_str     0x00000012      0x164 c:/altera/11.1/nios2eds/bin/gnu/h-i686-mingw32/bin/../lib/gcc/nios2-elf/4.1.2\libgcc.a(lib2-divmod.o)
                                0x1b1 (size before relaxing)
 .debug_str     0x00000176      0x44f c:/altera/11.1/nios2eds/bin/gnu/h-i686-mingw32/bin/../lib/gcc/nios2-elf/4.1.2/../../../../nios2-elf/lib\libc.a(lib_a-calloc.o)
                                0x50d (size before relaxing)
 .debug_str     0x000005c5       0x80 c:/altera/11.1/nios2eds/bin/gnu/h-i686-mingw32/bin/../lib/gcc/nios2-elf/4.1.2/../../../../nios2-elf/lib\libc.a(lib_a-callocr.o)
                                0x53f (size before relaxing)
 .debug_str     0x00000645       0xe1 c:/altera/11.1/nios2eds/bin/gnu/h-i686-mingw32/bin/../lib/gcc/nios2-elf/4.1.2/../../../../nios2-elf/lib\libc.a(lib_a-impure.o)
                                0x517 (size before relaxing)
 .debug_str     0x00000726      0x1a7 c:/altera/11.1/nios2eds/bin/gnu/h-i686-mingw32/bin/../lib/gcc/nios2-elf/4.1.2/../../../../nios2-elf/lib\libc.a(lib_a-mallocr.o)
                                0x6ee (size before relaxing)
 .debug_str     0x000008cd       0xdf c:/altera/11.1/nios2eds/bin/gnu/h-i686-mingw32/bin/../lib/gcc/nios2-elf/4.1.2/../../../../nios2-elf/lib\libc.a(lib_a-memset.o)
                                0x17b (size before relaxing)
 .debug_str     0x000009ac       0x50 c:/altera/11.1/nios2eds/bin/gnu/h-i686-mingw32/bin/../lib/gcc/nios2-elf/4.1.2/../../../../nios2-elf/lib\libc.a(lib_a-sbrkr.o)
                                0x508 (size before relaxing)
 .debug_str     0x000009fc       0x3c c:/altera/11.1/nios2eds/bin/gnu/h-i686-mingw32/bin/../lib/gcc/nios2-elf/4.1.2/../../../../nios2-elf/lib\libc.a(lib_a-freer.o)
                                0x640 (size before relaxing)
 .debug_str     0x00000a38       0x3d c:/altera/11.1/nios2eds/bin/gnu/h-i686-mingw32/bin/../lib/gcc/nios2-elf/4.1.2/../../../../nios2-elf/lib\libc.a(lib_a-int_errno.o)
                                0x160 (size before relaxing)
 .debug_str     0x00000a75       0x12 Z:/workspace/lab5_2_bsp/\libhal_bsp.a(alt_load.o)
 .debug_str     0x00000a87       0x12 Z:/workspace/lab5_2_bsp/\libhal_bsp.a(alt_main.o)
 .debug_str     0x00000a99       0x20 Z:/workspace/lab5_2_bsp/\libhal_bsp.a(alt_malloc_lock.o)
 .debug_str     0x00000ab9       0x1a Z:/workspace/lab5_2_bsp/\libhal_bsp.a(alt_sbrk.o)
 .debug_str     0x00000ad3       0x12 Z:/workspace/lab5_2_bsp/\libhal_bsp.a(alt_usleep.o)
 .debug_str     0x00000ae5       0x12 Z:/workspace/lab5_2_bsp/\libhal_bsp.a(alt_sys_init.o)
 .debug_str     0x00000af7       0x12 Z:/workspace/lab5_2_bsp/\libhal_bsp.a(altera_avalon_jtag_uart_fd.o)
 .debug_str     0x00000b09       0x1a Z:/workspace/lab5_2_bsp/\libhal_bsp.a(altera_avalon_jtag_uart_init.o)
 .debug_str     0x00000b23       0x12 Z:/workspace/lab5_2_bsp/\libhal_bsp.a(altera_avalon_jtag_uart_ioctl.o)
 .debug_str     0x00000b35       0x1a Z:/workspace/lab5_2_bsp/\libhal_bsp.a(altera_avalon_jtag_uart_read.o)
 .debug_str     0x00000b4f       0x1a Z:/workspace/lab5_2_bsp/\libhal_bsp.a(altera_avalon_jtag_uart_write.o)
 .debug_str     0x00000b69       0x12 Z:/workspace/lab5_2_bsp/\libhal_bsp.a(altera_avalon_timer_sc.o)
 .debug_str     0x00000b7b       0x23 Z:/workspace/lab5_2_bsp/\libhal_bsp.a(alt_alarm_start.o)
 .debug_str     0x00000b9e       0x12 Z:/workspace/lab5_2_bsp/\libhal_bsp.a(alt_busy_sleep.o)
 .debug_str     0x00000bb0       0x12 Z:/workspace/lab5_2_bsp/\libhal_bsp.a(alt_close.o)
 .debug_str     0x00000bc2       0x12 Z:/workspace/lab5_2_bsp/\libhal_bsp.a(alt_dcache_flush_all.o)
 .debug_str     0x00000bd4       0x12 Z:/workspace/lab5_2_bsp/\libhal_bsp.a(alt_dev.o)
 .debug_str     0x00000be6       0x12 Z:/workspace/lab5_2_bsp/\libhal_bsp.a(alt_dev_llist_insert.o)
 .debug_str     0x00000bf8       0x12 Z:/workspace/lab5_2_bsp/\libhal_bsp.a(alt_errno.o)
 .debug_str     0x00000c0a       0x12 Z:/workspace/lab5_2_bsp/\libhal_bsp.a(alt_icache_flush_all.o)
 .debug_str     0x00000c1c       0x18 Z:/workspace/lab5_2_bsp/\libhal_bsp.a(alt_iic.o)
 .debug_str     0x00000c34       0x1a Z:/workspace/lab5_2_bsp/\libhal_bsp.a(alt_iic_isr_register.o)
 .debug_str     0x00000c4e       0x12 Z:/workspace/lab5_2_bsp/\libhal_bsp.a(alt_io_redirect.o)
 .debug_str     0x00000c60       0x12 Z:/workspace/lab5_2_bsp/\libhal_bsp.a(alt_irq_handler.o)
 .debug_str     0x00000c72       0x12 Z:/workspace/lab5_2_bsp/\libhal_bsp.a(alt_open.o)
 .debug_str     0x00000c84       0x1a Z:/workspace/lab5_2_bsp/\libhal_bsp.a(alt_tick.o)
 .debug_str     0x00000c9e       0x12 Z:/workspace/lab5_2_bsp/\libhal_bsp.a(altera_nios2_irq.o)
 .debug_str     0x00000cb0       0x12 Z:/workspace/lab5_2_bsp/\libhal_bsp.a(alt_find_dev.o)
 .debug_str     0x00000cc2       0x12 Z:/workspace/lab5_2_bsp/\libhal_bsp.a(alt_find_file.o)
 .debug_str     0x00000cd4       0x12 Z:/workspace/lab5_2_bsp/\libhal_bsp.a(alt_get_fd.o)
 .debug_str     0x00000ce6       0x12 Z:/workspace/lab5_2_bsp/\libhal_bsp.a(alt_icache_flush.o)
 .debug_str     0x00000cf8       0x3b c:/altera/11.1/nios2eds/bin/gnu/h-i686-mingw32/bin/../lib/gcc/nios2-elf/4.1.2/../../../../nios2-elf/lib\libc.a(lib_a-atexit.o)
                                0x1bc (size before relaxing)
 .debug_str     0x00000d33       0x3e c:/altera/11.1/nios2eds/bin/gnu/h-i686-mingw32/bin/../lib/gcc/nios2-elf/4.1.2/../../../../nios2-elf/lib\libc.a(lib_a-exit.o)
                                0x509 (size before relaxing)
 .debug_str     0x00000d71       0x42 c:/altera/11.1/nios2eds/bin/gnu/h-i686-mingw32/bin/../lib/gcc/nios2-elf/4.1.2/../../../../nios2-elf/lib\libc.a(lib_a-memcmp.o)
                                0x167 (size before relaxing)
 .debug_str     0x00000db3       0x69 c:/altera/11.1/nios2eds/bin/gnu/h-i686-mingw32/bin/../lib/gcc/nios2-elf/4.1.2/../../../../nios2-elf/lib\libc.a(lib_a-memcpy.o)
                                0x125 (size before relaxing)
 .debug_str     0x00000e1c       0x42 c:/altera/11.1/nios2eds/bin/gnu/h-i686-mingw32/bin/../lib/gcc/nios2-elf/4.1.2/../../../../nios2-elf/lib\libc.a(lib_a-strlen.o)
                                0x17a (size before relaxing)
 .debug_str     0x00000e5e       0x51 c:/altera/11.1/nios2eds/bin/gnu/h-i686-mingw32/bin/../lib/gcc/nios2-elf/4.1.2/../../../../nios2-elf/lib\libc.a(lib_a-__atexit.o)
                                0x521 (size before relaxing)
 .debug_str     0x00000eaf       0x7b c:/altera/11.1/nios2eds/bin/gnu/h-i686-mingw32/bin/../lib/gcc/nios2-elf/4.1.2/../../../../nios2-elf/lib\libc.a(lib_a-__call_atexit.o)
                                0x54b (size before relaxing)
 .debug_str     0x00000f2a       0x1c Z:/workspace/lab5_2_bsp/\libhal_bsp.a(alt_exit.o)

.debug_loc      0x00000000     0x22a4
 *(.debug_loc)
 .debug_loc     0x00000000       0x82 obj/default/lab5_2.o
 .debug_loc     0x00000082      0x1d2 c:/altera/11.1/nios2eds/bin/gnu/h-i686-mingw32/bin/../lib/gcc/nios2-elf/4.1.2\libgcc.a(lib2-divmod.o)
 .debug_loc     0x00000254       0x3c c:/altera/11.1/nios2eds/bin/gnu/h-i686-mingw32/bin/../lib/gcc/nios2-elf/4.1.2/../../../../nios2-elf/lib\libc.a(lib_a-calloc.o)
 .debug_loc     0x00000290       0xe9 c:/altera/11.1/nios2eds/bin/gnu/h-i686-mingw32/bin/../lib/gcc/nios2-elf/4.1.2/../../../../nios2-elf/lib\libc.a(lib_a-callocr.o)
 .debug_loc     0x00000379      0xaeb c:/altera/11.1/nios2eds/bin/gnu/h-i686-mingw32/bin/../lib/gcc/nios2-elf/4.1.2/../../../../nios2-elf/lib\libc.a(lib_a-mallocr.o)
 .debug_loc     0x00000e64       0xa1 c:/altera/11.1/nios2eds/bin/gnu/h-i686-mingw32/bin/../lib/gcc/nios2-elf/4.1.2/../../../../nios2-elf/lib\libc.a(lib_a-memset.o)
 .debug_loc     0x00000f05       0x5b c:/altera/11.1/nios2eds/bin/gnu/h-i686-mingw32/bin/../lib/gcc/nios2-elf/4.1.2/../../../../nios2-elf/lib\libc.a(lib_a-sbrkr.o)
 .debug_loc     0x00000f60      0x4a7 c:/altera/11.1/nios2eds/bin/gnu/h-i686-mingw32/bin/../lib/gcc/nios2-elf/4.1.2/../../../../nios2-elf/lib\libc.a(lib_a-freer.o)
 .debug_loc     0x00001407       0x56 Z:/workspace/lab5_2_bsp/\libhal_bsp.a(alt_load.o)
 .debug_loc     0x0000145d       0x2b Z:/workspace/lab5_2_bsp/\libhal_bsp.a(alt_main.o)
 .debug_loc     0x00001488       0x56 Z:/workspace/lab5_2_bsp/\libhal_bsp.a(alt_malloc_lock.o)
 .debug_loc     0x000014de       0x2b Z:/workspace/lab5_2_bsp/\libhal_bsp.a(alt_sbrk.o)
 .debug_loc     0x00001509       0x2b Z:/workspace/lab5_2_bsp/\libhal_bsp.a(alt_usleep.o)
 .debug_loc     0x00001534       0x81 Z:/workspace/lab5_2_bsp/\libhal_bsp.a(alt_sys_init.o)
 .debug_loc     0x000015b5       0xac Z:/workspace/lab5_2_bsp/\libhal_bsp.a(altera_avalon_jtag_uart_fd.o)
 .debug_loc     0x00001661       0xac Z:/workspace/lab5_2_bsp/\libhal_bsp.a(altera_avalon_jtag_uart_init.o)
 .debug_loc     0x0000170d       0x2b Z:/workspace/lab5_2_bsp/\libhal_bsp.a(altera_avalon_jtag_uart_ioctl.o)
 .debug_loc     0x00001738       0x2b Z:/workspace/lab5_2_bsp/\libhal_bsp.a(altera_avalon_jtag_uart_read.o)
 .debug_loc     0x00001763       0x2b Z:/workspace/lab5_2_bsp/\libhal_bsp.a(altera_avalon_jtag_uart_write.o)
 .debug_loc     0x0000178e       0x56 Z:/workspace/lab5_2_bsp/\libhal_bsp.a(altera_avalon_timer_sc.o)
 .debug_loc     0x000017e4       0x2b Z:/workspace/lab5_2_bsp/\libhal_bsp.a(alt_alarm_start.o)
 .debug_loc     0x0000180f       0x2b Z:/workspace/lab5_2_bsp/\libhal_bsp.a(alt_busy_sleep.o)
 .debug_loc     0x0000183a       0x56 Z:/workspace/lab5_2_bsp/\libhal_bsp.a(alt_close.o)
 .debug_loc     0x00001890       0x2b Z:/workspace/lab5_2_bsp/\libhal_bsp.a(alt_dcache_flush_all.o)
 .debug_loc     0x000018bb       0x2b Z:/workspace/lab5_2_bsp/\libhal_bsp.a(alt_dev.o)
 .debug_loc     0x000018e6       0x56 Z:/workspace/lab5_2_bsp/\libhal_bsp.a(alt_dev_llist_insert.o)
 .debug_loc     0x0000193c       0x2b Z:/workspace/lab5_2_bsp/\libhal_bsp.a(alt_do_ctors.o)
 .debug_loc     0x00001967       0x2b Z:/workspace/lab5_2_bsp/\libhal_bsp.a(alt_do_dtors.o)
 .debug_loc     0x00001992       0x2b Z:/workspace/lab5_2_bsp/\libhal_bsp.a(alt_icache_flush_all.o)
 .debug_loc     0x000019bd       0xac Z:/workspace/lab5_2_bsp/\libhal_bsp.a(alt_iic.o)
 .debug_loc     0x00001a69       0x2b Z:/workspace/lab5_2_bsp/\libhal_bsp.a(alt_iic_isr_register.o)
 .debug_loc     0x00001a94       0x56 Z:/workspace/lab5_2_bsp/\libhal_bsp.a(alt_io_redirect.o)
 .debug_loc     0x00001aea       0x2b Z:/workspace/lab5_2_bsp/\libhal_bsp.a(alt_irq_handler.o)
 .debug_loc     0x00001b15       0x81 Z:/workspace/lab5_2_bsp/\libhal_bsp.a(alt_open.o)
 .debug_loc     0x00001b96       0x2b Z:/workspace/lab5_2_bsp/\libhal_bsp.a(alt_release_fd.o)
 .debug_loc     0x00001bc1       0x56 Z:/workspace/lab5_2_bsp/\libhal_bsp.a(alt_tick.o)
 .debug_loc     0x00001c17       0x2b Z:/workspace/lab5_2_bsp/\libhal_bsp.a(altera_nios2_irq.o)
 .debug_loc     0x00001c42       0x2b Z:/workspace/lab5_2_bsp/\libhal_bsp.a(alt_find_dev.o)
 .debug_loc     0x00001c6d       0x2b Z:/workspace/lab5_2_bsp/\libhal_bsp.a(alt_find_file.o)
 .debug_loc     0x00001c98       0x2b Z:/workspace/lab5_2_bsp/\libhal_bsp.a(alt_get_fd.o)
 .debug_loc     0x00001cc3       0x2b Z:/workspace/lab5_2_bsp/\libhal_bsp.a(alt_icache_flush.o)
 .debug_loc     0x00001cee       0x1e c:/altera/11.1/nios2eds/bin/gnu/h-i686-mingw32/bin/../lib/gcc/nios2-elf/4.1.2/../../../../nios2-elf/lib\libc.a(lib_a-atexit.o)
 .debug_loc     0x00001d0c       0x3d c:/altera/11.1/nios2eds/bin/gnu/h-i686-mingw32/bin/../lib/gcc/nios2-elf/4.1.2/../../../../nios2-elf/lib\libc.a(lib_a-exit.o)